Archive member included to satisfy reference by file (symbol)

C:/MCU/U1000/mcu-sdk-windows_2.3.0_20260703/Tools/toolchain/riscv32-none-elf/bin/../lib/gcc/../../newlib-nano/riscv32-none-elf/lib/rv32imafcn_zicsr_zifencei_zba_zbb_zbc_zbs/ilp32f\libc_nano.a(libc_a-assert.o)
                              C:/MCU/U1000/mcu-sdk-windows_2.3.0_20260703/Projects/HAL_examples/UART/UART_printf/output/debug/obj/bmcu_cru.o (__assert_func)
C:/MCU/U1000/mcu-sdk-windows_2.3.0_20260703/Tools/toolchain/riscv32-none-elf/bin/../lib/gcc/../../newlib-nano/riscv32-none-elf/lib/rv32imafcn_zicsr_zifencei_zba_zbb_zbc_zbs/ilp32f\libc_nano.a(libc_a-fprintf.o)
                              C:/MCU/U1000/mcu-sdk-windows_2.3.0_20260703/Tools/toolchain/riscv32-none-elf/bin/../lib/gcc/../../newlib-nano/riscv32-none-elf/lib/rv32imafcn_zicsr_zifencei_zba_zbb_zbc_zbs/ilp32f\libc_nano.a(libc_a-assert.o) (fiprintf)
C:/MCU/U1000/mcu-sdk-windows_2.3.0_20260703/Tools/toolchain/riscv32-none-elf/bin/../lib/gcc/../../newlib-nano/riscv32-none-elf/lib/rv32imafcn_zicsr_zifencei_zba_zbb_zbc_zbs/ilp32f\libc_nano.a(libc_a-puts.o)
                              C:/MCU/U1000/mcu-sdk-windows_2.3.0_20260703/Projects/HAL_examples/UART/UART_printf/output/debug/obj/main.o (puts)
C:/MCU/U1000/mcu-sdk-windows_2.3.0_20260703/Tools/toolchain/riscv32-none-elf/bin/../lib/gcc/../../newlib-nano/riscv32-none-elf/lib/rv32imafcn_zicsr_zifencei_zba_zbb_zbc_zbs/ilp32f\libc_nano.a(libc_a-wbuf.o)
                              C:/MCU/U1000/mcu-sdk-windows_2.3.0_20260703/Tools/toolchain/riscv32-none-elf/bin/../lib/gcc/../../newlib-nano/riscv32-none-elf/lib/rv32imafcn_zicsr_zifencei_zba_zbb_zbc_zbs/ilp32f\libc_nano.a(libc_a-puts.o) (__swbuf_r)
C:/MCU/U1000/mcu-sdk-windows_2.3.0_20260703/Tools/toolchain/riscv32-none-elf/bin/../lib/gcc/../../newlib-nano/riscv32-none-elf/lib/rv32imafcn_zicsr_zifencei_zba_zbb_zbc_zbs/ilp32f\libc_nano.a(libc_a-wsetup.o)
                              C:/MCU/U1000/mcu-sdk-windows_2.3.0_20260703/Tools/toolchain/riscv32-none-elf/bin/../lib/gcc/../../newlib-nano/riscv32-none-elf/lib/rv32imafcn_zicsr_zifencei_zba_zbb_zbc_zbs/ilp32f\libc_nano.a(libc_a-puts.o) (__swsetup_r)
C:/MCU/U1000/mcu-sdk-windows_2.3.0_20260703/Tools/toolchain/riscv32-none-elf/bin/../lib/gcc/../../newlib-nano/riscv32-none-elf/lib/rv32imafcn_zicsr_zifencei_zba_zbb_zbc_zbs/ilp32f\libc_nano.a(libc_a-memcmp.o)
                              C:/MCU/U1000/mcu-sdk-windows_2.3.0_20260703/Projects/HAL_examples/UART/UART_printf/output/debug/obj/tusb320.o (memcmp)
C:/MCU/U1000/mcu-sdk-windows_2.3.0_20260703/Tools/toolchain/riscv32-none-elf/bin/../lib/gcc/../../newlib-nano/riscv32-none-elf/lib/rv32imafcn_zicsr_zifencei_zba_zbb_zbc_zbs/ilp32f\libc_nano.a(libc_a-impure.o)
                              C:/MCU/U1000/mcu-sdk-windows_2.3.0_20260703/Tools/toolchain/riscv32-none-elf/bin/../lib/gcc/../../newlib-nano/riscv32-none-elf/lib/rv32imafcn_zicsr_zifencei_zba_zbb_zbc_zbs/ilp32f\libc_nano.a(libc_a-assert.o) (_impure_ptr)
C:/MCU/U1000/mcu-sdk-windows_2.3.0_20260703/Tools/toolchain/riscv32-none-elf/bin/../lib/gcc/../../newlib-nano/riscv32-none-elf/lib/rv32imafcn_zicsr_zifencei_zba_zbb_zbc_zbs/ilp32f\libc_nano.a(libc_a-errno.o)
                              C:/MCU/U1000/mcu-sdk-windows_2.3.0_20260703/Projects/HAL_examples/UART/UART_printf/output/debug/obj/syscalls.o (__errno)
C:/MCU/U1000/mcu-sdk-windows_2.3.0_20260703/Tools/toolchain/riscv32-none-elf/bin/../lib/gcc/../../newlib-nano/riscv32-none-elf/lib/rv32imafcn_zicsr_zifencei_zba_zbb_zbc_zbs/ilp32f\libc_nano.a(libc_a-abort.o)
                              C:/MCU/U1000/mcu-sdk-windows_2.3.0_20260703/Tools/toolchain/riscv32-none-elf/bin/../lib/gcc/../../newlib-nano/riscv32-none-elf/lib/rv32imafcn_zicsr_zifencei_zba_zbb_zbc_zbs/ilp32f\libc_nano.a(libc_a-assert.o) (abort)
C:/MCU/U1000/mcu-sdk-windows_2.3.0_20260703/Tools/toolchain/riscv32-none-elf/bin/../lib/gcc/../../newlib-nano/riscv32-none-elf/lib/rv32imafcn_zicsr_zifencei_zba_zbb_zbc_zbs/ilp32f\libc_nano.a(libc_a-freer.o)
                              C:/MCU/U1000/mcu-sdk-windows_2.3.0_20260703/Tools/toolchain/riscv32-none-elf/bin/../lib/gcc/../../newlib-nano/riscv32-none-elf/lib/rv32imafcn_zicsr_zifencei_zba_zbb_zbc_zbs/ilp32f\libc_nano.a(libc_a-wsetup.o) (_free_r)
C:/MCU/U1000/mcu-sdk-windows_2.3.0_20260703/Tools/toolchain/riscv32-none-elf/bin/../lib/gcc/../../newlib-nano/riscv32-none-elf/lib/rv32imafcn_zicsr_zifencei_zba_zbb_zbc_zbs/ilp32f\libc_nano.a(libc_a-mallocr.o)
                              C:/MCU/U1000/mcu-sdk-windows_2.3.0_20260703/Tools/toolchain/riscv32-none-elf/bin/../lib/gcc/../../newlib-nano/riscv32-none-elf/lib/rv32imafcn_zicsr_zifencei_zba_zbb_zbc_zbs/ilp32f\libc_nano.a(libc_a-freer.o) (__malloc_free_list)
C:/MCU/U1000/mcu-sdk-windows_2.3.0_20260703/Tools/toolchain/riscv32-none-elf/bin/../lib/gcc/../../newlib-nano/riscv32-none-elf/lib/rv32imafcn_zicsr_zifencei_zba_zbb_zbc_zbs/ilp32f\libc_nano.a(libc_a-mlock.o)
[...]
Memory Configuration

Name             Origin             Length             Attributes
ROM              0x40010000         0x00010000         xrw
RAM              0x70000000         0x00008000         rw
*default*        0x00000000         0xffffffff

Linker script and memory map

LOAD C:/MCU/U1000/mcu-sdk-windows_2.3.0_20260703/Projects/HAL_examples/UART/UART_printf/output/debug/obj/bmcu_cru.o
LOAD C:/MCU/U1000/mcu-sdk-windows_2.3.0_20260703/Projects/HAL_examples/UART/UART_printf/output/debug/obj/bmcu_uart.o
LOAD C:/MCU/U1000/mcu-sdk-windows_2.3.0_20260703/Projects/HAL_examples/UART/UART_printf/output/debug/obj/bmcu_gpio.o
LOAD C:/MCU/U1000/mcu-sdk-windows_2.3.0_20260703/Projects/HAL_examples/UART/UART_printf/output/debug/obj/bmcu_i2c.o
LOAD C:/MCU/U1000/mcu-sdk-windows_2.3.0_20260703/Projects/HAL_examples/UART/UART_printf/output/debug/obj/button.o
LOAD C:/MCU/U1000/mcu-sdk-windows_2.3.0_20260703/Projects/HAL_examples/UART/UART_printf/output/debug/obj/led.o
LOAD C:/MCU/U1000/mcu-sdk-windows_2.3.0_20260703/Projects/HAL_examples/UART/UART_printf/output/debug/obj/serial.o
LOAD C:/MCU/U1000/mcu-sdk-windows_2.3.0_20260703/Projects/HAL_examples/UART/UART_printf/output/debug/obj/i2c2.o
LOAD C:/MCU/U1000/mcu-sdk-windows_2.3.0_20260703/Projects/HAL_examples/UART/UART_printf/output/debug/obj/tusb320.o
LOAD C:/MCU/U1000/mcu-sdk-windows_2.3.0_20260703/Projects/HAL_examples/UART/UART_printf/output/debug/obj/main.o
LOAD C:/MCU/U1000/mcu-sdk-windows_2.3.0_20260703/Projects/HAL_examples/UART/UART_printf/output/debug/obj/syscalls.o
LOAD C:/MCU/U1000/mcu-sdk-windows_2.3.0_20260703/Projects/HAL_examples/UART/UART_printf/output/debug/obj/startup_c0_c1.o
LOAD C:/MCU/U1000/mcu-sdk-windows_2.3.0_20260703/Tools/toolchain/riscv32-none-elf/bin/../lib/gcc/../../newlib-nano/riscv32-none-elf/lib/rv32imafcn_zicsr_zifencei_zba_zbb_zbc_zbs/ilp32f\libc_nano.a
LOAD C:/MCU/U1000/mcu-sdk-windows_2.3.0_20260703/Tools/toolchain/riscv32-none-elf/bin/../lib/gcc/../../newlib-nano/riscv32-none-elf/lib/rv32imafcn_zicsr_zifencei_zba_zbb_zbc_zbs/ilp32f\libm_nano.a
LOAD C:/MCU/U1000/mcu-sdk-windows_2.3.0_20260703/Tools/toolchain/riscv32-none-elf/bin/../lib/gcc/../../newlib-nano/lib/gcc/riscv32-none-elf/15.2.0/rv32imafcn_zicsr_zifencei_zba_zbb_zbc_zbs/ilp32f\libgcc.a

.text           0x40010000     0x29ae
                0x40010000                        . = ORIGIN (ROM)
                0x40010000        0x4 LONG 0x300006f __HEADER_JUMP_OVER__
                0x40010020                        . = (ORIGIN (ROM) + __HEADER_OFFSET_MAGIC_NUM__)
 *fill*         0x40010004       0x1c 
                0x40010020        0x4 LONG 0xb10d522 __HEADER_MAGIC_NUM__
                0x40010028                        . = (ORIGIN (ROM) + __HEADER_OFFSET_COPY_ADDR__)
 *fill*         0x40010024        0x4 
                0x40010028        0x4 LONG 0x0
                0x4001002c                        . = (ORIGIN (ROM) + __HEADER_OFFSET_COPY_SIZE__)
                0x4001002c        0x4 LONG 0x2e90 __HEADER_COPY_SIZE__
                0x40010030                        . = (ORIGIN (ROM) + __HEADER_SIZE__)
 *(.text._start)
 .text._start   0x40010030        0x4 C:/MCU/U1000/mcu-sdk-windows_2.3.0_20260703/Projects/HAL_examples/UART/UART_printf/output/debug/obj/startup_c0_c1.o
                0x40010030                _start
                0x40010034                        . = ALIGN (0x4)
 *(.text.isr_vector)
 *fill*         0x40010034        0xc 
 .text.isr_vector
                0x40010040      0x140 C:/MCU/U1000/mcu-sdk-windows_2.3.0_20260703/Projects/HAL_examples/UART/UART_printf/output/debug/obj/startup_c0_c1.o
                0x40010040                mtvt_clic_vector_table
 *(.text)
 .text          0x40010180       0xfc C:/MCU/U1000/mcu-sdk-windows_2.3.0_20260703/Projects/HAL_examples/UART/UART_printf/output/debug/obj/startup_c0_c1.o
                0x40010180                Reset_Handler
                0x4001023c                PWMG0_IRQHandler
                0x4001023c                I2C0_IRQHandler
                0x4001023c                Exception_Handler
                0x4001023c                QE0_IRQHandler
                0x4001023c                NMI_Handler
                0x4001023c                I2C1_IRQHandler
                0x4001023c                UART1_IRQHandler
                0x4001023c                PWMA3_IRQHandler
                0x4001023c                WDT0_IRQHandler
                0x4001023c                I2S0_IRQHandler
                0x4001023c                TIM1_Channel0_IRQHandler
                0x4001023c                PWMG1_IRQHandler
                0x4001023c                CLIC_SW_IRQHandler
                0x4001023c                UART0_IRQHandler
                0x4001023c                PLL_Unlock_IRQHandler
                0x4001023c                CANFD1_IRQHandler
                0x4001023c                ADC0_IRQHandler
                0x4001023c                TIM0_Channel1_IRQHandler
                0x4001023c                SPI1_IRQHandler
                0x4001023c                TIM1_Channel3_IRQHandler
                0x4001023c                GPIO1_IRQHandler
                0x4001023c                PWMA2_IRQHandler
                0x4001023c                QSPI0_IRQHandler
                0x4001023c                ADC1_IRQHandler
                0x4001023c                TIM1_Channel2_IRQHandler
                0x4001023c                I2C2_IRQHandler
                0x4001023c                TIM1_Channel1_IRQHandler
                0x4001023c                EXTI_PA_IRQHandler
                0x4001023c                UART5_IRQHandler
                0x4001023c                Timer_IRQHandler
                0x4001023c                PWMA1_IRQHandler
                0x4001023c                TIM0_Channel3_IRQHandler
                0x4001023c                TIM0_Channel0_IRQHandler
                0x4001023c                CORE0_BusError_IRQHandler
                0x4001023c                UART2_IRQHandler
                0x4001023c                USB_DMA_IRQHandler
                0x4001023c                GPIO2_IRQHandler
                0x4001023c                UART4_IRQHandler
                0x4001023c                CORE2_MB0_IRQHandler
                0x4001023c                I2S1_IRQHandler
                0x4001023c                QSPI1_IRQHandler
                0x4001023c                CORE1_BusError_IRQHandler
                0x4001023c                USB_IRQHandler
                0x4001023c                QE1_IRQHandler
                0x4001023c                I2C3_IRQHandler
                0x4001023c                ADC2_IRQHandler
                0x4001023c                SPI2_IRQHandler
                0x4001023c                CLKI_Mon_IRQHandler
                0x4001023c                PWMA0_IRQHandler
                0x4001023c                DMA0_IRQHandler
                0x4001023c                QE2_IRQHandler
                0x4001023c                EXTI_PC_IRQHandler
                0x4001023c                Software_IRQHandler
                0x4001023c                SPI0_IRQHandler
                0x4001023c                QE3_IRQHandler
                0x4001023c                UART7_IRQHandler
                0x4001023c                UART6_IRQHandler
                0x4001023c                GPIO0_IRQHandler
                0x4001023c                TIM0_Channel2_IRQHandler
                0x4001023c                SPI3_IRQHandler
                0x4001023c                CORE2_MB1_IRQHandler
                0x4001023c                UART3_IRQHandler
                0x4001023c                CORE2_IRQHandler
                0x4001023c                DMA1_IRQHandler
                0x4001023c                CANFD0_IRQHandler
 .text          0x4001027c       0x42 C:/MCU/U1000/mcu-sdk-windows_2.3.0_20260703/Tools/toolchain/riscv32-none-elf/bin/../lib/gcc/../../newlib-nano/riscv32-none-elf/lib/rv32imafcn_zicsr_zifencei_zba_zbb_zbc_zbs/ilp32f\libc_nano.a(libc_a-assert.o)
                0x4001027c                __assert_func
                0x400102b4                __assert
 .text          0x400102be       0x3e C:/MCU/U1000/mcu-sdk-windows_2.3.0_20260703/Tools/toolchain/riscv32-none-elf/bin/../lib/gcc/../../newlib-nano/riscv32-none-elf/lib/rv32imafcn_zicsr_zifencei_zba_zbb_zbc_zbs/ilp32f\libc_nano.a(libc_a-fprintf.o)
                0x400102be                _fprintf_r
                0x400102be                _fiprintf_r
                0x400102d8                fiprintf
                0x400102d8                fprintf
 .text          0x400102fc       0xa6 C:/MCU/U1000/mcu-sdk-windows_2.3.0_20260703/Tools/toolchain/riscv32-none-elf/bin/../lib/gcc/../../newlib-nano/riscv32-none-elf/lib/rv32imafcn_zicsr_zifencei_zba_zbb_zbc_zbs/ilp32f\libc_nano.a(libc_a-puts.o)
                0x400102fc                _puts_r
                0x4001039a                puts
 .text          0x400103a2       0x9e C:/MCU/U1000/mcu-sdk-windows_2.3.0_20260703/Tools/toolchain/riscv32-none-elf/bin/../lib/gcc/../../newlib-nano/riscv32-none-elf/lib/rv32imafcn_zicsr_zifencei_zba_zbb_zbc_zbs/ilp32f\libc_nano.a(libc_a-wbuf.o)
                0x400103a2                __swbuf_r
                0x40010436                __swbuf
 .text          0x40010440       0xc0 C:/MCU/U1000/mcu-sdk-windows_2.3.0_20260703/Tools/toolchain/riscv32-none-elf/bin/../lib/gcc/../../newlib-nano/riscv32-none-elf/lib/rv32imafcn_zicsr_zifencei_zba_zbb_zbc_zbs/ilp32f\libc_nano.a(libc_a-wsetup.o)
                0x40010440                __swsetup_r
 .text          0x40010500        0x6 C:/MCU/U1000/mcu-sdk-windows_2.3.0_20260703/Tools/toolchain/riscv32-none-elf/bin/../lib/gcc/../../newlib-nano/riscv32-none-elf/lib/rv32imafcn_zicsr_zifencei_zba_zbb_zbc_zbs/ilp32f\libc_nano.a(libc_a-errno.o)
                0x40010500                __errno
 .text          0x40010506       0x10 C:/MCU/U1000/mcu-sdk-windows_2.3.0_20260703/Tools/toolchain/riscv32-none-elf/bin/../lib/gcc/../../newlib-nano/riscv32-none-elf/lib/rv32imafcn_zicsr_zifencei_zba_zbb_zbc_zbs/ilp32f\libc_nano.a(libc_a-abort.o)
                0x40010506                abort
 .text          0x40010516       0x9e C:/MCU/U1000/mcu-sdk-windows_2.3.0_20260703/Tools/toolchain/riscv32-none-elf/bin/../lib/gcc/../../newlib-nano/riscv32-none-elf/lib/rv32imafcn_zicsr_zifencei_zba_zbb_zbc_zbs/ilp32f\libc_nano.a(libc_a-freer.o)
                0x40010516                _free_r
 .text          0x400105b4      0x168 C:/MCU/U1000/mcu-sdk-windows_2.3.0_20260703/Tools/toolchain/riscv32-none-elf/bin/../lib/gcc/../../newlib-nano/riscv32-none-elf/lib/rv32imafcn_zicsr_zifencei_zba_zbb_zbc_zbs/ilp32f\libc_nano.a(libc_a-mallocr.o)
                0x4001060a                _malloc_r
 .text          0x4001071c        0x4 C:/MCU/U1000/mcu-sdk-windows_2.3.0_20260703/Tools/toolchain/riscv32-none-elf/bin/../lib/gcc/../../newlib-nano/riscv32-none-elf/lib/rv32imafcn_zicsr_zifencei_zba_zbb_zbc_zbs/ilp32f\libc_nano.a(libc_a-mlock.o)
                0x4001071c                __malloc_lock
                0x4001071e                __malloc_unlock
 .text          0x40010720      0x2f0 C:/MCU/U1000/mcu-sdk-windows_2.3.0_20260703/Tools/toolchain/riscv32-none-elf/bin/../lib/gcc/../../newlib-nano/riscv32-none-elf/lib/rv32imafcn_zicsr_zifencei_zba_zbb_zbc_zbs/ilp32f\libc_nano.a(libc_a-nano-vfprintf.o)
                0x40010748                __sfputs_r
                0x4001078a                __sprint_r
                0x400107ae                _vfiprintf_r
                0x400107ae                _vfprintf_r
                0x40010a04                vfprintf
                0x40010a04                vfiprintf
 .text          0x40010a10      0x366 C:/MCU/U1000/mcu-sdk-windows_2.3.0_20260703/Tools/toolchain/riscv32-none-elf/bin/../lib/gcc/../../newlib-nano/riscv32-none-elf/lib/rv32imafcn_zicsr_zifencei_zba_zbb_zbc_zbs/ilp32f\libc_nano.a(libc_a-nano-vfprintf_i.o)
                0x40010a10                _printf_common
                0x40010b18                _printf_i
 .text          0x40010d76      0x17a C:/MCU/U1000/mcu-sdk-windows_2.3.0_20260703/Tools/toolchain/riscv32-none-elf/bin/../lib/gcc/../../newlib-nano/riscv32-none-elf/lib/rv32imafcn_zicsr_zifencei_zba_zbb_zbc_zbs/ilp32f\libc_nano.a(libc_a-fflush.o)
                0x40010d76                __sflush_r
                0x40010e9a                _fflush_r
                0x40010ed0                fflush
 .text          0x40010ef0      0x1f4 C:/MCU/U1000/mcu-sdk-windows_2.3.0_20260703/Tools/toolchain/riscv32-none-elf/bin/../lib/gcc/../../newlib-nano/riscv32-none-elf/lib/rv32imafcn_zicsr_zifencei_zba_zbb_zbc_zbs/ilp32f\libc_nano.a(libc_a-findfp.o)
                0x40010ff4                __sfp
                0x400110a8                __sinit
                0x400110c0                __sfp_lock_acquire
                0x400110c2                __sfp_lock_release
                0x400110c4                __fp_lock_all
                0x400110d4                __fp_unlock_all
 .text          0x400110e4      0x2b8 C:/MCU/U1000/mcu-sdk-windows_2.3.0_20260703/Tools/toolchain/riscv32-none-elf/bin/../lib/gcc/../../newlib-nano/riscv32-none-elf/lib/rv32imafcn_zicsr_zifencei_zba_zbb_zbc_zbs/ilp32f\libc_nano.a(libc_a-fvwrite.o)
                0x400110e4                __sfvwrite_r
 .text          0x4001139c       0x60 C:/MCU/U1000/mcu-sdk-windows_2.3.0_20260703/Tools/toolchain/riscv32-none-elf/bin/../lib/gcc/../../newlib-nano/riscv32-none-elf/lib/rv32imafcn_zicsr_zifencei_zba_zbb_zbc_zbs/ilp32f\libc_nano.a(libc_a-fwalk.o)
                0x4001139c                _fwalk_sglue
 .text          0x400113fc       0xd6 C:/MCU/U1000/mcu-sdk-windows_2.3.0_20260703/Tools/toolchain/riscv32-none-elf/bin/../lib/gcc/../../newlib-nano/riscv32-none-elf/lib/rv32imafcn_zicsr_zifencei_zba_zbb_zbc_zbs/ilp32f\libc_nano.a(libc_a-makebuf.o)
                0x400113fc                __swhatbuf_r
                0x40011452                __smakebuf_r
 .text          0x400114d2       0xb8 C:/MCU/U1000/mcu-sdk-windows_2.3.0_20260703/Tools/toolchain/riscv32-none-elf/bin/../lib/gcc/../../newlib-nano/riscv32-none-elf/lib/rv32imafcn_zicsr_zifencei_zba_zbb_zbc_zbs/ilp32f\libc_nano.a(libc_a-stdio.o)
                0x400114d2                __sread
                0x40011500                __seofread
                0x40011504                __swrite
                0x40011550                __sseek
                0x40011584                __sclose
 .text          0x4001158a       0x1a C:/MCU/U1000/mcu-sdk-windows_2.3.0_20260703/Tools/toolchain/riscv32-none-elf/bin/../lib/gcc/../../newlib-nano/riscv32-none-elf/lib/rv32imafcn_zicsr_zifencei_zba_zbb_zbc_zbs/ilp32f\libc_nano.a(libc_a-memchr.o)
                0x4001158a                memchr
 .text          0x400115a4      0x14c C:/MCU/U1000/mcu-sdk-windows_2.3.0_20260703/Tools/toolchain/riscv32-none-elf/bin/../lib/gcc/../../newlib-nano/riscv32-none-elf/lib/rv32imafcn_zicsr_zifencei_zba_zbb_zbc_zbs/ilp32f\libc_nano.a(libc_a-signal.o)
                0x400115a4                _init_signal_r
                0x400115dc                _signal_r
                0x40011622                _raise_r
                0x4001167e                __sigtramp_r
                0x400116d0                raise
                0x400116d8                signal
                0x400116e2                _init_signal
                0x400116e8                __sigtramp
 .text          0x400116f0       0x2c C:/MCU/U1000/mcu-sdk-windows_2.3.0_20260703/Tools/toolchain/riscv32-none-elf/bin/../lib/gcc/../../newlib-nano/riscv32-none-elf/lib/rv32imafcn_zicsr_zifencei_zba_zbb_zbc_zbs/ilp32f\libc_nano.a(libc_a-closer.o)
                0x400116f0                _close_r
 .text          0x4001171c       0x2e C:/MCU/U1000/mcu-sdk-windows_2.3.0_20260703/Tools/toolchain/riscv32-none-elf/bin/../lib/gcc/../../newlib-nano/riscv32-none-elf/lib/rv32imafcn_zicsr_zifencei_zba_zbb_zbc_zbs/ilp32f\libc_nano.a(libc_a-fstatr.o)
                0x4001171c                _fstat_r
 .text          0x4001174a       0x2c C:/MCU/U1000/mcu-sdk-windows_2.3.0_20260703/Tools/toolchain/riscv32-none-elf/bin/../lib/gcc/../../newlib-nano/riscv32-none-elf/lib/rv32imafcn_zicsr_zifencei_zba_zbb_zbc_zbs/ilp32f\libc_nano.a(libc_a-isattyr.o)
                0x4001174a                _isatty_r
 .text          0x40011776       0x30 C:/MCU/U1000/mcu-sdk-windows_2.3.0_20260703/Tools/toolchain/riscv32-none-elf/bin/../lib/gcc/../../newlib-nano/riscv32-none-elf/lib/rv32imafcn_zicsr_zifencei_zba_zbb_zbc_zbs/ilp32f\libc_nano.a(libc_a-lseekr.o)
                0x40011776                _lseek_r
 .text          0x400117a6       0x30 C:/MCU/U1000/mcu-sdk-windows_2.3.0_20260703/Tools/toolchain/riscv32-none-elf/bin/../lib/gcc/../../newlib-nano/riscv32-none-elf/lib/rv32imafcn_zicsr_zifencei_zba_zbb_zbc_zbs/ilp32f\libc_nano.a(libc_a-readr.o)
                0x400117a6                _read_r
 .text          0x400117d6       0x32 C:/MCU/U1000/mcu-sdk-windows_2.3.0_20260703/Tools/toolchain/riscv32-none-elf/bin/../lib/gcc/../../newlib-nano/riscv32-none-elf/lib/rv32imafcn_zicsr_zifencei_zba_zbb_zbc_zbs/ilp32f\libc_nano.a(libc_a-signalr.o)
                0x400117d6                _kill_r
                0x40011804                _getpid_r
 .text          0x40011808       0x2c C:/MCU/U1000/mcu-sdk-windows_2.3.0_20260703/Tools/toolchain/riscv32-none-elf/bin/../lib/gcc/../../newlib-nano/riscv32-none-elf/lib/rv32imafcn_zicsr_zifencei_zba_zbb_zbc_zbs/ilp32f\libc_nano.a(libc_a-sbrkr.o)
                0x40011808                _sbrk_r
 .text          0x40011834       0x30 C:/MCU/U1000/mcu-sdk-windows_2.3.0_20260703/Tools/toolchain/riscv32-none-elf/bin/../lib/gcc/../../newlib-nano/riscv32-none-elf/lib/rv32imafcn_zicsr_zifencei_zba_zbb_zbc_zbs/ilp32f\libc_nano.a(libc_a-writer.o)
                0x40011834                _write_r
 .text          0x40011864       0x26 C:/MCU/U1000/mcu-sdk-windows_2.3.0_20260703/Tools/toolchain/riscv32-none-elf/bin/../lib/gcc/../../newlib-nano/riscv32-none-elf/lib/rv32imafcn_zicsr_zifencei_zba_zbb_zbc_zbs/ilp32f\libc_nano.a(libc_a-memmove.o)
                0x40011864                memmove
 .text          0x4001188a       0x10 C:/MCU/U1000/mcu-sdk-windows_2.3.0_20260703/Tools/toolchain/riscv32-none-elf/bin/../lib/gcc/../../newlib-nano/riscv32-none-elf/lib/rv32imafcn_zicsr_zifencei_zba_zbb_zbc_zbs/ilp32f\libc_nano.a(libc_a-memset.o)
                0x4001188a                memset
 .text          0x4001189a       0x16 C:/MCU/U1000/mcu-sdk-windows_2.3.0_20260703/Tools/toolchain/riscv32-none-elf/bin/../lib/gcc/../../newlib-nano/riscv32-none-elf/lib/rv32imafcn_zicsr_zifencei_zba_zbb_zbc_zbs/ilp32f\libc_nano.a(libc_a-memcpy-asm.o)
                0x4001189a                memcpy
 .text          0x400118b0       0x68 C:/MCU/U1000/mcu-sdk-windows_2.3.0_20260703/Tools/toolchain/riscv32-none-elf/bin/../lib/gcc/../../newlib-nano/riscv32-none-elf/lib/rv32imafcn_zicsr_zifencei_zba_zbb_zbc_zbs/ilp32f\libc_nano.a(libc_a-reallocr.o)
                0x400118b0                _realloc_r
 .text          0x40011918       0x14 C:/MCU/U1000/mcu-sdk-windows_2.3.0_20260703/Tools/toolchain/riscv32-none-elf/bin/../lib/gcc/../../newlib-nano/riscv32-none-elf/lib/rv32imafcn_zicsr_zifencei_zba_zbb_zbc_zbs/ilp32f\libc_nano.a(libc_a-msizer.o)
                0x40011918                _malloc_usable_size_r
 .text          0x4001192c      0x2f8 C:/MCU/U1000/mcu-sdk-windows_2.3.0_20260703/Tools/toolchain/riscv32-none-elf/bin/../lib/gcc/../../newlib-nano/lib/gcc/riscv32-none-elf/15.2.0/rv32imafcn_zicsr_zifencei_zba_zbb_zbc_zbs/ilp32f\libgcc.a(_udivdi3.o)
                0x4001192c                __udivdi3
 *(.text.*)
 .text.CRU_GetC0Source
                0x40011c24       0x46 C:/MCU/U1000/mcu-sdk-windows_2.3.0_20260703/Projects/HAL_examples/UART/UART_printf/output/debug/obj/bmcu_cru.o
 .text.CRU_CalcPLLClkFreq
                0x40011c6a       0x2a C:/MCU/U1000/mcu-sdk-windows_2.3.0_20260703/Projects/HAL_examples/UART/UART_printf/output/debug/obj/bmcu_cru.o
 .text.CRU_GetCCLKClockFreq
                0x40011c94       0xdc C:/MCU/U1000/mcu-sdk-windows_2.3.0_20260703/Projects/HAL_examples/UART/UART_printf/output/debug/obj/bmcu_cru.o
 .text.CRU_GetPCLK0ClockFreq
                0x40011d70       0xe6 C:/MCU/U1000/mcu-sdk-windows_2.3.0_20260703/Projects/HAL_examples/UART/UART_printf/output/debug/obj/bmcu_cru.o
 .text.CRU_GetPCLK1ClockFreq
                0x40011e56       0xe6 C:/MCU/U1000/mcu-sdk-windows_2.3.0_20260703/Projects/HAL_examples/UART/UART_printf/output/debug/obj/bmcu_cru.o
 .text.CRU_GetPCLK2ClockFreq
                0x40011f3c       0xe6 C:/MCU/U1000/mcu-sdk-windows_2.3.0_20260703/Projects/HAL_examples/UART/UART_printf/output/debug/obj/bmcu_cru.o
 .text.CRU_GetHCLKClockFreq
                0x40012022       0xe8 C:/MCU/U1000/mcu-sdk-windows_2.3.0_20260703/Projects/HAL_examples/UART/UART_printf/output/debug/obj/bmcu_cru.o
 .text.CRU_GetTCLKClockFreq
                0x4001210a       0xec C:/MCU/U1000/mcu-sdk-windows_2.3.0_20260703/Projects/HAL_examples/UART/UART_printf/output/debug/obj/bmcu_cru.o
 .text.CRU_GetCANx2CLKClockFreq
                0x400121f6       0xf4 C:/MCU/U1000/mcu-sdk-windows_2.3.0_20260703/Projects/HAL_examples/UART/UART_printf/output/debug/obj/bmcu_cru.o
 .text.CRU_GetSystemClocksFreq
                0x400122ea       0x32 C:/MCU/U1000/mcu-sdk-windows_2.3.0_20260703/Projects/HAL_examples/UART/UART_printf/output/debug/obj/bmcu_cru.o
                0x400122ea                CRU_GetSystemClocksFreq
 .text.UART_SetBaudRate
                0x4001231c       0x30 C:/MCU/U1000/mcu-sdk-windows_2.3.0_20260703/Projects/HAL_examples/UART/UART_printf/output/debug/obj/bmcu_uart.o
 .text.UART_DeInit
                0x4001234c       0x90 C:/MCU/U1000/mcu-sdk-windows_2.3.0_20260703/Projects/HAL_examples/UART/UART_printf/output/debug/obj/bmcu_uart.o
                0x4001234c                UART_DeInit
 .text.UART_Init
                0x400123dc      0x37c C:/MCU/U1000/mcu-sdk-windows_2.3.0_20260703/Projects/HAL_examples/UART/UART_printf/output/debug/obj/bmcu_uart.o
                0x400123dc                UART_Init
 .text.UART_StructInit
                0x40012758       0x2e C:/MCU/U1000/mcu-sdk-windows_2.3.0_20260703/Projects/HAL_examples/UART/UART_printf/output/debug/obj/bmcu_uart.o
                0x40012758                UART_StructInit
 .text.bsp_serial_init
                0x40012786       0x5e C:/MCU/U1000/mcu-sdk-windows_2.3.0_20260703/Projects/HAL_examples/UART/UART_printf/output/debug/obj/serial.o
                0x40012786                bsp_serial_init
 .text.bsp_serial_putchar
                0x400127e4       0x18 C:/MCU/U1000/mcu-sdk-windows_2.3.0_20260703/Projects/HAL_examples/UART/UART_printf/output/debug/obj/serial.o
                0x400127e4                bsp_serial_putchar
 .text.TUSB320_IRQHandler
                0x400127fc        0x2 C:/MCU/U1000/mcu-sdk-windows_2.3.0_20260703/Projects/HAL_examples/UART/UART_printf/output/debug/obj/tusb320.o
                0x400127fc                TUSB320_IRQHandler
 .text.EXTI_PB_IRQHandler
                0x400127fe       0xa6 C:/MCU/U1000/mcu-sdk-windows_2.3.0_20260703/Projects/HAL_examples/UART/UART_printf/output/debug/obj/tusb320.o
                0x400127fe                EXTI_PB_IRQHandler
 .text.__delay_ms
                0x400128a4       0x1c C:/MCU/U1000/mcu-sdk-windows_2.3.0_20260703/Projects/HAL_examples/UART/UART_printf/output/debug/obj/main.o
 .text.__io_putchar
                0x400128c0        0xc C:/MCU/U1000/mcu-sdk-windows_2.3.0_20260703/Projects/HAL_examples/UART/UART_printf/output/debug/obj/main.o
                0x400128c0                __io_putchar
 .text.main     0x400128cc       0x32 C:/MCU/U1000/mcu-sdk-windows_2.3.0_20260703/Projects/HAL_examples/UART/UART_printf/output/debug/obj/main.o
                0x400128cc                main
 .text._close   0x400128fe        0x4 C:/MCU/U1000/mcu-sdk-windows_2.3.0_20260703/Projects/HAL_examples/UART/UART_printf/output/debug/obj/syscalls.o
                0x400128fe                _close
 .text._fstat   0x40012902        0x8 C:/MCU/U1000/mcu-sdk-windows_2.3.0_20260703/Projects/HAL_examples/UART/UART_printf/output/debug/obj/syscalls.o
                0x40012902                _fstat
 .text._isatty  0x4001290a        0x4 C:/MCU/U1000/mcu-sdk-windows_2.3.0_20260703/Projects/HAL_examples/UART/UART_printf/output/debug/obj/syscalls.o
                0x4001290a                _isatty
 .text._lseek   0x4001290e        0x4 C:/MCU/U1000/mcu-sdk-windows_2.3.0_20260703/Projects/HAL_examples/UART/UART_printf/output/debug/obj/syscalls.o
                0x4001290e                _lseek
 .text._read    0x40012912       0x34 C:/MCU/U1000/mcu-sdk-windows_2.3.0_20260703/Projects/HAL_examples/UART/UART_printf/output/debug/obj/syscalls.o
                0x40012912                _read
 .text._write   0x40012946       0x30 C:/MCU/U1000/mcu-sdk-windows_2.3.0_20260703/Projects/HAL_examples/UART/UART_printf/output/debug/obj/syscalls.o
                0x40012946                _write
 .text._sbrk    0x40012976       0x1e C:/MCU/U1000/mcu-sdk-windows_2.3.0_20260703/Projects/HAL_examples/UART/UART_printf/output/debug/obj/syscalls.o
                0x40012976                _sbrk
 .text._exit    0x40012994        0x2 C:/MCU/U1000/mcu-sdk-windows_2.3.0_20260703/Projects/HAL_examples/UART/UART_printf/output/debug/obj/syscalls.o
                0x40012994                _exit
 .text._kill    0x40012996       0x14 C:/MCU/U1000/mcu-sdk-windows_2.3.0_20260703/Projects/HAL_examples/UART/UART_printf/output/debug/obj/syscalls.o
                0x40012996                _kill
 .text._getpid  0x400129aa        0x4 C:/MCU/U1000/mcu-sdk-windows_2.3.0_20260703/Projects/HAL_examples/UART/UART_printf/output/debug/obj/syscalls.o
                0x400129aa                _getpid

.note.gnu.build-id
                0x400129b0       0x24
 *(.note.gnu.build-id)
 .note.gnu.build-id
                0x400129b0       0x24 C:/MCU/U1000/mcu-sdk-windows_2.3.0_20260703/Projects/HAL_examples/UART/UART_printf/output/debug/obj/bmcu_cru.o

.rodata         0x400129d4      0x460
 *(.srodata)
 *(.srodata.*)
 *(.rodata)
 .rodata        0x400129d4       0x58 C:/MCU/U1000/mcu-sdk-windows_2.3.0_20260703/Tools/toolchain/riscv32-none-elf/bin/../lib/gcc/../../newlib-nano/riscv32-none-elf/lib/rv32imafcn_zicsr_zifencei_zba_zbb_zbc_zbs/ilp32f\libc_nano.a(libc_a-nano-vfprintf_i.o)
 .rodata        0x40012a2c      0x100 C:/MCU/U1000/mcu-sdk-windows_2.3.0_20260703/Tools/toolchain/riscv32-none-elf/bin/../lib/gcc/../../newlib-nano/lib/gcc/riscv32-none-elf/15.2.0/rv32imafcn_zicsr_zifencei_zba_zbb_zbc_zbs/ilp32f\libgcc.a(_clz.o)
                0x40012a2c                __clz_tab
 *(.rodata.*)
 .rodata.UART_DeInit.str1.4
                0x40012b2c      0x2ed C:/MCU/U1000/mcu-sdk-windows_2.3.0_20260703/Projects/HAL_examples/UART/UART_printf/output/debug/obj/bmcu_uart.o
                                 0x64 (size before relaxing)
 .rodata.UART_Init.str1.4
                0x40012e19        0x0 C:/MCU/U1000/mcu-sdk-windows_2.3.0_20260703/Projects/HAL_examples/UART/UART_printf/output/debug/obj/bmcu_uart.o
                                0x1f7 (size before relaxing)
 *fill*         0x40012e19        0x3 
 .rodata.__func__.0
                0x40012e1c        0xa C:/MCU/U1000/mcu-sdk-windows_2.3.0_20260703/Projects/HAL_examples/UART/UART_printf/output/debug/obj/bmcu_uart.o
 *fill*         0x40012e26        0x2 
 .rodata.__func__.1
                0x40012e28        0xc C:/MCU/U1000/mcu-sdk-windows_2.3.0_20260703/Projects/HAL_examples/UART/UART_printf/output/debug/obj/bmcu_uart.o
 .rodata.main.str1.4
                0x40012e34        0x0 C:/MCU/U1000/mcu-sdk-windows_2.3.0_20260703/Projects/HAL_examples/UART/UART_printf/output/debug/obj/main.o
                                 0x15 (size before relaxing)
 .rodata.str1.4
                0x40012e34        0x0 C:/MCU/U1000/mcu-sdk-windows_2.3.0_20260703/Tools/toolchain/riscv32-none-elf/bin/../lib/gcc/../../newlib-nano/riscv32-none-elf/lib/rv32imafcn_zicsr_zifencei_zba_zbb_zbc_zbs/ilp32f\libc_nano.a(libc_a-assert.o)
                                 0x43 (size before relaxing)
 .rodata.str1.4
                0x40012e34        0x0 C:/MCU/U1000/mcu-sdk-windows_2.3.0_20260703/Tools/toolchain/riscv32-none-elf/bin/../lib/gcc/../../newlib-nano/riscv32-none-elf/lib/rv32imafcn_zicsr_zifencei_zba_zbb_zbc_zbs/ilp32f\libc_nano.a(libc_a-nano-vfprintf.o)
                                 0x13 (size before relaxing)
 .rodata.str1.4
                0x40012e34        0x0 C:/MCU/U1000/mcu-sdk-windows_2.3.0_20260703/Tools/toolchain/riscv32-none-elf/bin/../lib/gcc/../../newlib-nano/riscv32-none-elf/lib/rv32imafcn_zicsr_zifencei_zba_zbb_zbc_zbs/ilp32f\libc_nano.a(libc_a-nano-vfprintf_i.o)
                                 0x25 (size before relaxing)

.rela.dyn       0x40012e34        0x0
 .rela.text._sbrk
                0x40012e34        0x0 C:/MCU/U1000/mcu-sdk-windows_2.3.0_20260703/Projects/HAL_examples/UART/UART_printf/output/debug/obj/bmcu_cru.o
 .rela.text     0x40012e34        0x0 C:/MCU/U1000/mcu-sdk-windows_2.3.0_20260703/Projects/HAL_examples/UART/UART_printf/output/debug/obj/bmcu_cru.o
 .rela.text.isr_vector
                0x40012e34        0x0 C:/MCU/U1000/mcu-sdk-windows_2.3.0_20260703/Projects/HAL_examples/UART/UART_printf/output/debug/obj/bmcu_cru.o

.data           0x70000000       0x5c load address 0x40012e34
 *(.data)
 .data          0x70000000       0x4c C:/MCU/U1000/mcu-sdk-windows_2.3.0_20260703/Tools/toolchain/riscv32-none-elf/bin/../lib/gcc/../../newlib-nano/riscv32-none-elf/lib/rv32imafcn_zicsr_zifencei_zba_zbb_zbc_zbs/ilp32f\libc_nano.a(libc_a-impure.o)
                0x70000000                _impure_data
 .data          0x7000004c        0xc C:/MCU/U1000/mcu-sdk-windows_2.3.0_20260703/Tools/toolchain/riscv32-none-elf/bin/../lib/gcc/../../newlib-nano/riscv32-none-elf/lib/rv32imafcn_zicsr_zifencei_zba_zbb_zbc_zbs/ilp32f\libc_nano.a(libc_a-findfp.o)
                0x7000004c                __sglue
 *(.data.*)
 *(.sdata)
 .sdata         0x70000058        0x4 C:/MCU/U1000/mcu-sdk-windows_2.3.0_20260703/Tools/toolchain/riscv32-none-elf/bin/../lib/gcc/../../newlib-nano/riscv32-none-elf/lib/rv32imafcn_zicsr_zifencei_zba_zbb_zbc_zbs/ilp32f\libc_nano.a(libc_a-impure.o)
                0x70000058                _impure_ptr
 *(.sdata.*)

.bss            0x7000005c      0x14c load address 0x40012e90
 *(.sbss)
 .sbss          0x7000005c        0x8 C:/MCU/U1000/mcu-sdk-windows_2.3.0_20260703/Tools/toolchain/riscv32-none-elf/bin/../lib/gcc/../../newlib-nano/riscv32-none-elf/lib/rv32imafcn_zicsr_zifencei_zba_zbb_zbc_zbs/ilp32f\libc_nano.a(libc_a-mallocr.o)
                0x7000005c                __malloc_sbrk_start
                0x70000060                __malloc_free_list
 .sbss          0x70000064        0x4 C:/MCU/U1000/mcu-sdk-windows_2.3.0_20260703/Tools/toolchain/riscv32-none-elf/bin/../lib/gcc/../../newlib-nano/riscv32-none-elf/lib/rv32imafcn_zicsr_zifencei_zba_zbb_zbc_zbs/ilp32f\libc_nano.a(libc_a-findfp.o)
                0x70000064                __stdio_exit_handler
 .sbss          0x70000068        0x4 C:/MCU/U1000/mcu-sdk-windows_2.3.0_20260703/Tools/toolchain/riscv32-none-elf/bin/../lib/gcc/../../newlib-nano/riscv32-none-elf/lib/rv32imafcn_zicsr_zifencei_zba_zbb_zbc_zbs/ilp32f\libc_nano.a(libc_a-reent.o)
                0x70000068                errno
 *(.sbss.*)
 .sbss.heap_ptr
                0x7000006c        0x4 C:/MCU/U1000/mcu-sdk-windows_2.3.0_20260703/Projects/HAL_examples/UART/UART_printf/output/debug/obj/syscalls.o
                0x7000006c                heap_ptr
 *(.bss)
 .bss           0x70000070      0x138 C:/MCU/U1000/mcu-sdk-windows_2.3.0_20260703/Tools/toolchain/riscv32-none-elf/bin/../lib/gcc/../../newlib-nano/riscv32-none-elf/lib/rv32imafcn_zicsr_zifencei_zba_zbb_zbc_zbs/ilp32f\libc_nano.a(libc_a-findfp.o)
                0x70000070                __sf
 *(.bss.*)
 *(COMMON)

.heap           0x700001a8        0x0 load address 0x40012e90
                0x700001a8                        _heap_start = .
                0x00000020                        __HEADER_OFFSET_MAGIC_NUM__ = 0x20
                0x00000028                        __HEADER_OFFSET_COPY_ADDR__ = 0x28
                0x0000002c                        __HEADER_OFFSET_COPY_SIZE__ = 0x2c
                0x00000030                        __HEADER_SIZE__ = 0x30
                0x0300006f                        __HEADER_JUMP_OVER__ = 0x300006f
                0x0b10d522                        __HEADER_MAGIC_NUM__ = 0xb10d522
                0x00002e90                        __HEADER_COPY_SIZE__ = ((LOADADDR (.data) + SIZEOF (.data)) - LOADADDR (.text))
                0x70000000                        __DATA_START__ = ADDR (.data)
                0x7000005c                        __DATA_END__ = (ADDR (.data) + SIZEOF (.data))
                0x40012e34                        __DATA_IMAGE_START__ = LOADADDR (.data)
                0x7000005c                        __BSS_START__ = ADDR (.bss)
                0x700001a8                        __BSS_END__ = (ADDR (.bss) + SIZEOF (.bss))
                0x70008000                        __SP = (ORIGIN (RAM) + LENGTH (RAM))
                0x70000800                        __global_pointer$ = MIN ((__DATA_START__ + 0x800), MAX ((__DATA_START__ + 0x800), (__BSS_END__ - 0x800)))
OUTPUT(C:/MCU/U1000/mcu-sdk-windows_2.3.0_20260703/Projects/HAL_examples/UART/UART_printf/output/debug/UART_printf.elf elf32-littleriscv)

.debug_info     0x00000000    0x175b1
 .debug_info    0x00000000     0x1cd1 C:/MCU/U1000/mcu-sdk-windows_2.3.0_20260703/Projects/HAL_examples/UART/UART_printf/output/debug/obj/bmcu_cru.o
 .debug_info    0x00001cd1      0xaf8 C:/MCU/U1000/mcu-sdk-windows_2.3.0_20260703/Projects/HAL_examples/UART/UART_printf/output/debug/obj/bmcu_uart.o
 .debug_info    0x000027c9      0xb33 C:/MCU/U1000/mcu-sdk-windows_2.3.0_20260703/Projects/HAL_examples/UART/UART_printf/output/debug/obj/serial.o
 .debug_info    0x000032fc     0x17cf C:/MCU/U1000/mcu-sdk-windows_2.3.0_20260703/Projects/HAL_examples/UART/UART_printf/output/debug/obj/tusb320.o
 .debug_info    0x00004acb      0x3cb C:/MCU/U1000/mcu-sdk-windows_2.3.0_20260703/Projects/HAL_examples/UART/UART_printf/output/debug/obj/main.o
 .debug_info    0x00004e96      0x5b0 C:/MCU/U1000/mcu-sdk-windows_2.3.0_20260703/Projects/HAL_examples/UART/UART_printf/output/debug/obj/syscalls.o
 .debug_info    0x00005446      0x84c C:/MCU/U1000/mcu-sdk-windows_2.3.0_20260703/Tools/toolchain/riscv32-none-elf/bin/../lib/gcc/../../newlib-nano/riscv32-none-elf/lib/rv32imafcn_zicsr_zifencei_zba_zbb_zbc_zbs/ilp32f\libc_nano.a(libc_a-assert.o)
 .debug_info    0x00005c92      0x892 C:/MCU/U1000/mcu-sdk-windows_2.3.0_20260703/Tools/toolchain/riscv32-none-elf/bin/../lib/gcc/../../newlib-nano/riscv32-none-elf/lib/rv32imafcn_zicsr_zifencei_zba_zbb_zbc_zbs/ilp32f\libc_nano.a(libc_a-fprintf.o)
 .debug_info    0x00006524      0x942 C:/MCU/U1000/mcu-sdk-windows_2.3.0_20260703/Tools/toolchain/riscv32-none-elf/bin/../lib/gcc/../../newlib-nano/riscv32-none-elf/lib/rv32imafcn_zicsr_zifencei_zba_zbb_zbc_zbs/ilp32f\libc_nano.a(libc_a-puts.o)
 .debug_info    0x00006e66      0x898 C:/MCU/U1000/mcu-sdk-windows_2.3.0_20260703/Tools/toolchain/riscv32-none-elf/bin/../lib/gcc/../../newlib-nano/riscv32-none-elf/lib/rv32imafcn_zicsr_zifencei_zba_zbb_zbc_zbs/ilp32f\libc_nano.a(libc_a-wbuf.o)
 .debug_info    0x000076fe      0x7df C:/MCU/U1000/mcu-sdk-windows_2.3.0_20260703/Tools/toolchain/riscv32-none-elf/bin/../lib/gcc/../../newlib-nano/riscv32-none-elf/lib/rv32imafcn_zicsr_zifencei_zba_zbb_zbc_zbs/ilp32f\libc_nano.a(libc_a-wsetup.o)
 .debug_info    0x00007edd      0x739 C:/MCU/U1000/mcu-sdk-windows_2.3.0_20260703/Tools/toolchain/riscv32-none-elf/bin/../lib/gcc/../../newlib-nano/riscv32-none-elf/lib/rv32imafcn_zicsr_zifencei_zba_zbb_zbc_zbs/ilp32f\libc_nano.a(libc_a-impure.o)
 .debug_info    0x00008616      0x71f C:/MCU/U1000/mcu-sdk-windows_2.3.0_20260703/Tools/toolchain/riscv32-none-elf/bin/../lib/gcc/../../newlib-nano/riscv32-none-elf/lib/rv32imafcn_zicsr_zifencei_zba_zbb_zbc_zbs/ilp32f\libc_nano.a(libc_a-errno.o)
 .debug_info    0x00008d35       0xdd C:/MCU/U1000/mcu-sdk-windows_2.3.0_20260703/Tools/toolchain/riscv32-none-elf/bin/../lib/gcc/../../newlib-nano/riscv32-none-elf/lib/rv32imafcn_zicsr_zifencei_zba_zbb_zbc_zbs/ilp32f\libc_nano.a(libc_a-abort.o)
 .debug_info    0x00008e12      0x864 C:/MCU/U1000/mcu-sdk-windows_2.3.0_20260703/Tools/toolchain/riscv32-none-elf/bin/../lib/gcc/../../newlib-nano/riscv32-none-elf/lib/rv32imafcn_zicsr_zifencei_zba_zbb_zbc_zbs/ilp32f\libc_nano.a(libc_a-freer.o)
 .debug_info    0x00009676      0x9e4 C:/MCU/U1000/mcu-sdk-windows_2.3.0_20260703/Tools/toolchain/riscv32-none-elf/bin/../lib/gcc/../../newlib-nano/riscv32-none-elf/lib/rv32imafcn_zicsr_zifencei_zba_zbb_zbc_zbs/ilp32f\libc_nano.a(libc_a-mallocr.o)
 .debug_info    0x0000a05a      0x74a C:/MCU/U1000/mcu-sdk-windows_2.3.0_20260703/Tools/toolchain/riscv32-none-elf/bin/../lib/gcc/../../newlib-nano/riscv32-none-elf/lib/rv32imafcn_zicsr_zifencei_zba_zbb_zbc_zbs/ilp32f\libc_nano.a(libc_a-mlock.o)
 .debug_info    0x0000a7a4     0x1068 C:/MCU/U1000/mcu-sdk-windows_2.3.0_20260703/Tools/toolchain/riscv32-none-elf/bin/../lib/gcc/../../newlib-nano/riscv32-none-elf/lib/rv32imafcn_zicsr_zifencei_zba_zbb_zbc_zbs/ilp32f\libc_nano.a(libc_a-nano-vfprintf.o)
 .debug_info    0x0000b80c      0xde5 C:/MCU/U1000/mcu-sdk-windows_2.3.0_20260703/Tools/toolchain/riscv32-none-elf/bin/../lib/gcc/../../newlib-nano/riscv32-none-elf/lib/rv32imafcn_zicsr_zifencei_zba_zbb_zbc_zbs/ilp32f\libc_nano.a(libc_a-nano-vfprintf_i.o)
 .debug_info    0x0000c5f1      0x9d6 C:/MCU/U1000/mcu-sdk-windows_2.3.0_20260703/Tools/toolchain/riscv32-none-elf/bin/../lib/gcc/../../newlib-nano/riscv32-none-elf/lib/rv32imafcn_zicsr_zifencei_zba_zbb_zbc_zbs/ilp32f\libc_nano.a(libc_a-fflush.o)
 .debug_info    0x0000cfc7      0xe54 C:/MCU/U1000/mcu-sdk-windows_2.3.0_20260703/Tools/toolchain/riscv32-none-elf/bin/../lib/gcc/../../newlib-nano/riscv32-none-elf/lib/rv32imafcn_zicsr_zifencei_zba_zbb_zbc_zbs/ilp32f\libc_nano.a(libc_a-findfp.o)
 .debug_info    0x0000de1b      0xb45 C:/MCU/U1000/mcu-sdk-windows_2.3.0_20260703/Tools/toolchain/riscv32-none-elf/bin/../lib/gcc/../../newlib-nano/riscv32-none-elf/lib/rv32imafcn_zicsr_zifencei_zba_zbb_zbc_zbs/ilp32f\libc_nano.a(libc_a-fvwrite.o)
 .debug_info    0x0000e960      0x7f7 C:/MCU/U1000/mcu-sdk-windows_2.3.0_20260703/Tools/toolchain/riscv32-none-elf/bin/../lib/gcc/../../newlib-nano/riscv32-none-elf/lib/rv32imafcn_zicsr_zifencei_zba_zbb_zbc_zbs/ilp32f\libc_nano.a(libc_a-fwalk.o)
 .debug_info    0x0000f157      0xb3b C:/MCU/U1000/mcu-sdk-windows_2.3.0_20260703/Tools/toolchain/riscv32-none-elf/bin/../lib/gcc/../../newlib-nano/riscv32-none-elf/lib/rv32imafcn_zicsr_zifencei_zba_zbb_zbc_zbs/ilp32f\libc_nano.a(libc_a-makebuf.o)
 .debug_info    0x0000fc92      0xaa8 C:/MCU/U1000/mcu-sdk-windows_2.3.0_20260703/Tools/toolchain/riscv32-none-elf/bin/../lib/gcc/../../newlib-nano/riscv32-none-elf/lib/rv32imafcn_zicsr_zifencei_zba_zbb_zbc_zbs/ilp32f\libc_nano.a(libc_a-stdio.o)
 .debug_info    0x0001073a      0x115 C:/MCU/U1000/mcu-sdk-windows_2.3.0_20260703/Tools/toolchain/riscv32-none-elf/bin/../lib/gcc/../../newlib-nano/riscv32-none-elf/lib/rv32imafcn_zicsr_zifencei_zba_zbb_zbc_zbs/ilp32f\libc_nano.a(libc_a-memchr.o)
 .debug_info    0x0001084f      0xa45 C:/MCU/U1000/mcu-sdk-windows_2.3.0_20260703/Tools/toolchain/riscv32-none-elf/bin/../lib/gcc/../../newlib-nano/riscv32-none-elf/lib/rv32imafcn_zicsr_zifencei_zba_zbb_zbc_zbs/ilp32f\libc_nano.a(libc_a-signal.o)
 .debug_info    0x00011294      0x781 C:/MCU/U1000/mcu-sdk-windows_2.3.0_20260703/Tools/toolchain/riscv32-none-elf/bin/../lib/gcc/../../newlib-nano/riscv32-none-elf/lib/rv32imafcn_zicsr_zifencei_zba_zbb_zbc_zbs/ilp32f\libc_nano.a(libc_a-closer.o)
 .debug_info    0x00011a15      0x8c5 C:/MCU/U1000/mcu-sdk-windows_2.3.0_20260703/Tools/toolchain/riscv32-none-elf/bin/../lib/gcc/../../newlib-nano/riscv32-none-elf/lib/rv32imafcn_zicsr_zifencei_zba_zbb_zbc_zbs/ilp32f\libc_nano.a(libc_a-reent.o)
 .debug_info    0x000122da      0x9a5 C:/MCU/U1000/mcu-sdk-windows_2.3.0_20260703/Tools/toolchain/riscv32-none-elf/bin/../lib/gcc/../../newlib-nano/riscv32-none-elf/lib/rv32imafcn_zicsr_zifencei_zba_zbb_zbc_zbs/ilp32f\libc_nano.a(libc_a-fstatr.o)
 .debug_info    0x00012c7f      0x781 C:/MCU/U1000/mcu-sdk-windows_2.3.0_20260703/Tools/toolchain/riscv32-none-elf/bin/../lib/gcc/../../newlib-nano/riscv32-none-elf/lib/rv32imafcn_zicsr_zifencei_zba_zbb_zbc_zbs/ilp32f\libc_nano.a(libc_a-isattyr.o)
 .debug_info    0x00013400      0x7cc C:/MCU/U1000/mcu-sdk-windows_2.3.0_20260703/Tools/toolchain/riscv32-none-elf/bin/../lib/gcc/../../newlib-nano/riscv32-none-elf/lib/rv32imafcn_zicsr_zifencei_zba_zbb_zbc_zbs/ilp32f\libc_nano.a(libc_a-lseekr.o)
 .debug_info    0x00013bcc      0x7d7 C:/MCU/U1000/mcu-sdk-windows_2.3.0_20260703/Tools/toolchain/riscv32-none-elf/bin/../lib/gcc/../../newlib-nano/riscv32-none-elf/lib/rv32imafcn_zicsr_zifencei_zba_zbb_zbc_zbs/ilp32f\libc_nano.a(libc_a-readr.o)
 .debug_info    0x000143a3      0x80e C:/MCU/U1000/mcu-sdk-windows_2.3.0_20260703/Tools/toolchain/riscv32-none-elf/bin/../lib/gcc/../../newlib-nano/riscv32-none-elf/lib/rv32imafcn_zicsr_zifencei_zba_zbb_zbc_zbs/ilp32f\libc_nano.a(libc_a-signalr.o)
 .debug_info    0x00014bb1      0x7a6 C:/MCU/U1000/mcu-sdk-windows_2.3.0_20260703/Tools/toolchain/riscv32-none-elf/bin/../lib/gcc/../../newlib-nano/riscv32-none-elf/lib/rv32imafcn_zicsr_zifencei_zba_zbb_zbc_zbs/ilp32f\libc_nano.a(libc_a-sbrkr.o)
 .debug_info    0x00015357      0x7dd C:/MCU/U1000/mcu-sdk-windows_2.3.0_20260703/Tools/toolchain/riscv32-none-elf/bin/../lib/gcc/../../newlib-nano/riscv32-none-elf/lib/rv32imafcn_zicsr_zifencei_zba_zbb_zbc_zbs/ilp32f\libc_nano.a(libc_a-writer.o)
 .debug_info    0x00015b34       0x31 C:/MCU/U1000/mcu-sdk-windows_2.3.0_20260703/Tools/toolchain/riscv32-none-elf/bin/../lib/gcc/../../newlib-nano/riscv32-none-elf/lib/rv32imafcn_zicsr_zifencei_zba_zbb_zbc_zbs/ilp32f\libc_nano.a(libc_a-memmove.o)
 .debug_info    0x00015b65       0x31 C:/MCU/U1000/mcu-sdk-windows_2.3.0_20260703/Tools/toolchain/riscv32-none-elf/bin/../lib/gcc/../../newlib-nano/riscv32-none-elf/lib/rv32imafcn_zicsr_zifencei_zba_zbb_zbc_zbs/ilp32f\libc_nano.a(libc_a-memset.o)
 .debug_info    0x00015b96       0x31 C:/MCU/U1000/mcu-sdk-windows_2.3.0_20260703/Tools/toolchain/riscv32-none-elf/bin/../lib/gcc/../../newlib-nano/riscv32-none-elf/lib/rv32imafcn_zicsr_zifencei_zba_zbb_zbc_zbs/ilp32f\libc_nano.a(libc_a-memcpy-asm.o)
 .debug_info    0x00015bc7      0x906 C:/MCU/U1000/mcu-sdk-windows_2.3.0_20260703/Tools/toolchain/riscv32-none-elf/bin/../lib/gcc/../../newlib-nano/riscv32-none-elf/lib/rv32imafcn_zicsr_zifencei_zba_zbb_zbc_zbs/ilp32f\libc_nano.a(libc_a-reallocr.o)
 .debug_info    0x000164cd      0x7be C:/MCU/U1000/mcu-sdk-windows_2.3.0_20260703/Tools/toolchain/riscv32-none-elf/bin/../lib/gcc/../../newlib-nano/riscv32-none-elf/lib/rv32imafcn_zicsr_zifencei_zba_zbb_zbc_zbs/ilp32f\libc_nano.a(libc_a-msizer.o)
 .debug_info    0x00016c8b      0x842 C:/MCU/U1000/mcu-sdk-windows_2.3.0_20260703/Tools/toolchain/riscv32-none-elf/bin/../lib/gcc/../../newlib-nano/lib/gcc/riscv32-none-elf/15.2.0/rv32imafcn_zicsr_zifencei_zba_zbb_zbc_zbs/ilp32f\libgcc.a(_udivdi3.o)
 .debug_info    0x000174cd       0xe4 C:/MCU/U1000/mcu-sdk-windows_2.3.0_20260703/Tools/toolchain/riscv32-none-elf/bin/../lib/gcc/../../newlib-nano/lib/gcc/riscv32-none-elf/15.2.0/rv32imafcn_zicsr_zifencei_zba_zbb_zbc_zbs/ilp32f\libgcc.a(_clz.o)

.debug_abbrev   0x00000000     0x5304
 .debug_abbrev  0x00000000      0x3ab C:/MCU/U1000/mcu-sdk-windows_2.3.0_20260703/Projects/HAL_examples/UART/UART_printf/output/debug/obj/bmcu_cru.o
 .debug_abbrev  0x000003ab      0x2fb C:/MCU/U1000/mcu-sdk-windows_2.3.0_20260703/Projects/HAL_examples/UART/UART_printf/output/debug/obj/bmcu_uart.o
 .debug_abbrev  0x000006a6      0x29b C:/MCU/U1000/mcu-sdk-windows_2.3.0_20260703/Projects/HAL_examples/UART/UART_printf/output/debug/obj/serial.o
 .debug_abbrev  0x00000941      0x3f2 C:/MCU/U1000/mcu-sdk-windows_2.3.0_20260703/Projects/HAL_examples/UART/UART_printf/output/debug/obj/tusb320.o
 .debug_abbrev  0x00000d33      0x192 C:/MCU/U1000/mcu-sdk-windows_2.3.0_20260703/Projects/HAL_examples/UART/UART_printf/output/debug/obj/main.o
 .debug_abbrev  0x00000ec5      0x1c4 C:/MCU/U1000/mcu-sdk-windows_2.3.0_20260703/Projects/HAL_examples/UART/UART_printf/output/debug/obj/syscalls.o
 .debug_abbrev  0x00001089      0x1f0 C:/MCU/U1000/mcu-sdk-windows_2.3.0_20260703/Tools/toolchain/riscv32-none-elf/bin/../lib/gcc/../../newlib-nano/riscv32-none-elf/lib/rv32imafcn_zicsr_zifencei_zba_zbb_zbc_zbs/ilp32f\libc_nano.a(libc_a-assert.o)
 .debug_abbrev  0x00001279      0x1fd C:/MCU/U1000/mcu-sdk-windows_2.3.0_20260703/Tools/toolchain/riscv32-none-elf/bin/../lib/gcc/../../newlib-nano/riscv32-none-elf/lib/rv32imafcn_zicsr_zifencei_zba_zbb_zbc_zbs/ilp32f\libc_nano.a(libc_a-fprintf.o)
 .debug_abbrev  0x00001476      0x292 C:/MCU/U1000/mcu-sdk-windows_2.3.0_20260703/Tools/toolchain/riscv32-none-elf/bin/../lib/gcc/../../newlib-nano/riscv32-none-elf/lib/rv32imafcn_zicsr_zifencei_zba_zbb_zbc_zbs/ilp32f\libc_nano.a(libc_a-puts.o)
 .debug_abbrev  0x00001708      0x233 C:/MCU/U1000/mcu-sdk-windows_2.3.0_20260703/Tools/toolchain/riscv32-none-elf/bin/../lib/gcc/../../newlib-nano/riscv32-none-elf/lib/rv32imafcn_zicsr_zifencei_zba_zbb_zbc_zbs/ilp32f\libc_nano.a(libc_a-wbuf.o)
 .debug_abbrev  0x0000193b      0x1e8 C:/MCU/U1000/mcu-sdk-windows_2.3.0_20260703/Tools/toolchain/riscv32-none-elf/bin/../lib/gcc/../../newlib-nano/riscv32-none-elf/lib/rv32imafcn_zicsr_zifencei_zba_zbb_zbc_zbs/ilp32f\libc_nano.a(libc_a-wsetup.o)
 .debug_abbrev  0x00001b23      0x14f C:/MCU/U1000/mcu-sdk-windows_2.3.0_20260703/Tools/toolchain/riscv32-none-elf/bin/../lib/gcc/../../newlib-nano/riscv32-none-elf/lib/rv32imafcn_zicsr_zifencei_zba_zbb_zbc_zbs/ilp32f\libc_nano.a(libc_a-impure.o)
 .debug_abbrev  0x00001c72      0x164 C:/MCU/U1000/mcu-sdk-windows_2.3.0_20260703/Tools/toolchain/riscv32-none-elf/bin/../lib/gcc/../../newlib-nano/riscv32-none-elf/lib/rv32imafcn_zicsr_zifencei_zba_zbb_zbc_zbs/ilp32f\libc_nano.a(libc_a-errno.o)
 .debug_abbrev  0x00001dd6       0x9f C:/MCU/U1000/mcu-sdk-windows_2.3.0_20260703/Tools/toolchain/riscv32-none-elf/bin/../lib/gcc/../../newlib-nano/riscv32-none-elf/lib/rv32imafcn_zicsr_zifencei_zba_zbb_zbc_zbs/ilp32f\libc_nano.a(libc_a-abort.o)
 .debug_abbrev  0x00001e75      0x23a C:/MCU/U1000/mcu-sdk-windows_2.3.0_20260703/Tools/toolchain/riscv32-none-elf/bin/../lib/gcc/../../newlib-nano/riscv32-none-elf/lib/rv32imafcn_zicsr_zifencei_zba_zbb_zbc_zbs/ilp32f\libc_nano.a(libc_a-freer.o)
 .debug_abbrev  0x000020af      0x250 C:/MCU/U1000/mcu-sdk-windows_2.3.0_20260703/Tools/toolchain/riscv32-none-elf/bin/../lib/gcc/../../newlib-nano/riscv32-none-elf/lib/rv32imafcn_zicsr_zifencei_zba_zbb_zbc_zbs/ilp32f\libc_nano.a(libc_a-mallocr.o)
 .debug_abbrev  0x000022ff      0x198 C:/MCU/U1000/mcu-sdk-windows_2.3.0_20260703/Tools/toolchain/riscv32-none-elf/bin/../lib/gcc/../../newlib-nano/riscv32-none-elf/lib/rv32imafcn_zicsr_zifencei_zba_zbb_zbc_zbs/ilp32f\libc_nano.a(libc_a-mlock.o)
 .debug_abbrev  0x00002497      0x2f7 C:/MCU/U1000/mcu-sdk-windows_2.3.0_20260703/Tools/toolchain/riscv32-none-elf/bin/../lib/gcc/../../newlib-nano/riscv32-none-elf/lib/rv32imafcn_zicsr_zifencei_zba_zbb_zbc_zbs/ilp32f\libc_nano.a(libc_a-nano-vfprintf.o)
 .debug_abbrev  0x0000278e      0x278 C:/MCU/U1000/mcu-sdk-windows_2.3.0_20260703/Tools/toolchain/riscv32-none-elf/bin/../lib/gcc/../../newlib-nano/riscv32-none-elf/lib/rv32imafcn_zicsr_zifencei_zba_zbb_zbc_zbs/ilp32f\libc_nano.a(libc_a-nano-vfprintf_i.o)
 .debug_abbrev  0x00002a06      0x2bd C:/MCU/U1000/mcu-sdk-windows_2.3.0_20260703/Tools/toolchain/riscv32-none-elf/bin/../lib/gcc/../../newlib-nano/riscv32-none-elf/lib/rv32imafcn_zicsr_zifencei_zba_zbb_zbc_zbs/ilp32f\libc_nano.a(libc_a-fflush.o)
 .debug_abbrev  0x00002cc3      0x41a C:/MCU/U1000/mcu-sdk-windows_2.3.0_20260703/Tools/toolchain/riscv32-none-elf/bin/../lib/gcc/../../newlib-nano/riscv32-none-elf/lib/rv32imafcn_zicsr_zifencei_zba_zbb_zbc_zbs/ilp32f\libc_nano.a(libc_a-findfp.o)
 .debug_abbrev  0x000030dd      0x21e C:/MCU/U1000/mcu-sdk-windows_2.3.0_20260703/Tools/toolchain/riscv32-none-elf/bin/../lib/gcc/../../newlib-nano/riscv32-none-elf/lib/rv32imafcn_zicsr_zifencei_zba_zbb_zbc_zbs/ilp32f\libc_nano.a(libc_a-fvwrite.o)
 .debug_abbrev  0x000032fb      0x1a1 C:/MCU/U1000/mcu-sdk-windows_2.3.0_20260703/Tools/toolchain/riscv32-none-elf/bin/../lib/gcc/../../newlib-nano/riscv32-none-elf/lib/rv32imafcn_zicsr_zifencei_zba_zbb_zbc_zbs/ilp32f\libc_nano.a(libc_a-fwalk.o)
 .debug_abbrev  0x0000349c      0x28f C:/MCU/U1000/mcu-sdk-windows_2.3.0_20260703/Tools/toolchain/riscv32-none-elf/bin/../lib/gcc/../../newlib-nano/riscv32-none-elf/lib/rv32imafcn_zicsr_zifencei_zba_zbb_zbc_zbs/ilp32f\libc_nano.a(libc_a-makebuf.o)
 .debug_abbrev  0x0000372b      0x227 C:/MCU/U1000/mcu-sdk-windows_2.3.0_20260703/Tools/toolchain/riscv32-none-elf/bin/../lib/gcc/../../newlib-nano/riscv32-none-elf/lib/rv32imafcn_zicsr_zifencei_zba_zbb_zbc_zbs/ilp32f\libc_nano.a(libc_a-stdio.o)
 .debug_abbrev  0x00003952       0xb7 C:/MCU/U1000/mcu-sdk-windows_2.3.0_20260703/Tools/toolchain/riscv32-none-elf/bin/../lib/gcc/../../newlib-nano/riscv32-none-elf/lib/rv32imafcn_zicsr_zifencei_zba_zbb_zbc_zbs/ilp32f\libc_nano.a(libc_a-memchr.o)
 .debug_abbrev  0x00003a09      0x25d C:/MCU/U1000/mcu-sdk-windows_2.3.0_20260703/Tools/toolchain/riscv32-none-elf/bin/../lib/gcc/../../newlib-nano/riscv32-none-elf/lib/rv32imafcn_zicsr_zifencei_zba_zbb_zbc_zbs/ilp32f\libc_nano.a(libc_a-signal.o)
 .debug_abbrev  0x00003c66      0x1b6 C:/MCU/U1000/mcu-sdk-windows_2.3.0_20260703/Tools/toolchain/riscv32-none-elf/bin/../lib/gcc/../../newlib-nano/riscv32-none-elf/lib/rv32imafcn_zicsr_zifencei_zba_zbb_zbc_zbs/ilp32f\libc_nano.a(libc_a-closer.o)
 .debug_abbrev  0x00003e1c      0x1fd C:/MCU/U1000/mcu-sdk-windows_2.3.0_20260703/Tools/toolchain/riscv32-none-elf/bin/../lib/gcc/../../newlib-nano/riscv32-none-elf/lib/rv32imafcn_zicsr_zifencei_zba_zbb_zbc_zbs/ilp32f\libc_nano.a(libc_a-reent.o)
 .debug_abbrev  0x00004019      0x1c9 C:/MCU/U1000/mcu-sdk-windows_2.3.0_20260703/Tools/toolchain/riscv32-none-elf/bin/../lib/gcc/../../newlib-nano/riscv32-none-elf/lib/rv32imafcn_zicsr_zifencei_zba_zbb_zbc_zbs/ilp32f\libc_nano.a(libc_a-fstatr.o)
 .debug_abbrev  0x000041e2      0x1b6 C:/MCU/U1000/mcu-sdk-windows_2.3.0_20260703/Tools/toolchain/riscv32-none-elf/bin/../lib/gcc/../../newlib-nano/riscv32-none-elf/lib/rv32imafcn_zicsr_zifencei_zba_zbb_zbc_zbs/ilp32f\libc_nano.a(libc_a-isattyr.o)
 .debug_abbrev  0x00004398      0x1ca C:/MCU/U1000/mcu-sdk-windows_2.3.0_20260703/Tools/toolchain/riscv32-none-elf/bin/../lib/gcc/../../newlib-nano/riscv32-none-elf/lib/rv32imafcn_zicsr_zifencei_zba_zbb_zbc_zbs/ilp32f\libc_nano.a(libc_a-lseekr.o)
 .debug_abbrev  0x00004562      0x1b6 C:/MCU/U1000/mcu-sdk-windows_2.3.0_20260703/Tools/toolchain/riscv32-none-elf/bin/../lib/gcc/../../newlib-nano/riscv32-none-elf/lib/rv32imafcn_zicsr_zifencei_zba_zbb_zbc_zbs/ilp32f\libc_nano.a(libc_a-readr.o)
 .debug_abbrev  0x00004718      0x203 C:/MCU/U1000/mcu-sdk-windows_2.3.0_20260703/Tools/toolchain/riscv32-none-elf/bin/../lib/gcc/../../newlib-nano/riscv32-none-elf/lib/rv32imafcn_zicsr_zifencei_zba_zbb_zbc_zbs/ilp32f\libc_nano.a(libc_a-signalr.o)
 .debug_abbrev  0x0000491b      0x1e0 C:/MCU/U1000/mcu-sdk-windows_2.3.0_20260703/Tools/toolchain/riscv32-none-elf/bin/../lib/gcc/../../newlib-nano/riscv32-none-elf/lib/rv32imafcn_zicsr_zifencei_zba_zbb_zbc_zbs/ilp32f\libc_nano.a(libc_a-sbrkr.o)
 .debug_abbrev  0x00004afb      0x1bb C:/MCU/U1000/mcu-sdk-windows_2.3.0_20260703/Tools/toolchain/riscv32-none-elf/bin/../lib/gcc/../../newlib-nano/riscv32-none-elf/lib/rv32imafcn_zicsr_zifencei_zba_zbb_zbc_zbs/ilp32f\libc_nano.a(libc_a-writer.o)
 .debug_abbrev  0x00004cb6       0x28 C:/MCU/U1000/mcu-sdk-windows_2.3.0_20260703/Tools/toolchain/riscv32-none-elf/bin/../lib/gcc/../../newlib-nano/riscv32-none-elf/lib/rv32imafcn_zicsr_zifencei_zba_zbb_zbc_zbs/ilp32f\libc_nano.a(libc_a-memmove.o)
 .debug_abbrev  0x00004cde       0x28 C:/MCU/U1000/mcu-sdk-windows_2.3.0_20260703/Tools/toolchain/riscv32-none-elf/bin/../lib/gcc/../../newlib-nano/riscv32-none-elf/lib/rv32imafcn_zicsr_zifencei_zba_zbb_zbc_zbs/ilp32f\libc_nano.a(libc_a-memset.o)
 .debug_abbrev  0x00004d06       0x28 C:/MCU/U1000/mcu-sdk-windows_2.3.0_20260703/Tools/toolchain/riscv32-none-elf/bin/../lib/gcc/../../newlib-nano/riscv32-none-elf/lib/rv32imafcn_zicsr_zifencei_zba_zbb_zbc_zbs/ilp32f\libc_nano.a(libc_a-memcpy-asm.o)
 .debug_abbrev  0x00004d2e      0x214 C:/MCU/U1000/mcu-sdk-windows_2.3.0_20260703/Tools/toolchain/riscv32-none-elf/bin/../lib/gcc/../../newlib-nano/riscv32-none-elf/lib/rv32imafcn_zicsr_zifencei_zba_zbb_zbc_zbs/ilp32f\libc_nano.a(libc_a-reallocr.o)
 .debug_abbrev  0x00004f42      0x19f C:/MCU/U1000/mcu-sdk-windows_2.3.0_20260703/Tools/toolchain/riscv32-none-elf/bin/../lib/gcc/../../newlib-nano/riscv32-none-elf/lib/rv32imafcn_zicsr_zifencei_zba_zbb_zbc_zbs/ilp32f\libc_nano.a(libc_a-msizer.o)
 .debug_abbrev  0x000050e1      0x1ad C:/MCU/U1000/mcu-sdk-windows_2.3.0_20260703/Tools/toolchain/riscv32-none-elf/bin/../lib/gcc/../../newlib-nano/lib/gcc/riscv32-none-elf/15.2.0/rv32imafcn_zicsr_zifencei_zba_zbb_zbc_zbs/ilp32f\libgcc.a(_udivdi3.o)
 .debug_abbrev  0x0000528e       0x76 C:/MCU/U1000/mcu-sdk-windows_2.3.0_20260703/Tools/toolchain/riscv32-none-elf/bin/../lib/gcc/../../newlib-nano/lib/gcc/riscv32-none-elf/15.2.0/rv32imafcn_zicsr_zifencei_zba_zbb_zbc_zbs/ilp32f\libgcc.a(_clz.o)

.debug_loclists
                0x00000000     0x474c
 .debug_loclists
                0x00000000      0x743 C:/MCU/U1000/mcu-sdk-windows_2.3.0_20260703/Projects/HAL_examples/UART/UART_printf/output/debug/obj/bmcu_cru.o
 .debug_loclists
                0x00000743      0x2cc C:/MCU/U1000/mcu-sdk-windows_2.3.0_20260703/Projects/HAL_examples/UART/UART_printf/output/debug/obj/bmcu_uart.o
 .debug_loclists
                0x00000a0f      0x127 C:/MCU/U1000/mcu-sdk-windows_2.3.0_20260703/Projects/HAL_examples/UART/UART_printf/output/debug/obj/serial.o
 .debug_loclists
                0x00000b36      0x623 C:/MCU/U1000/mcu-sdk-windows_2.3.0_20260703/Projects/HAL_examples/UART/UART_printf/output/debug/obj/tusb320.o
 .debug_loclists
                0x00001159       0x40 C:/MCU/U1000/mcu-sdk-windows_2.3.0_20260703/Projects/HAL_examples/UART/UART_printf/output/debug/obj/main.o
 .debug_loclists
                0x00001199      0x1d4 C:/MCU/U1000/mcu-sdk-windows_2.3.0_20260703/Projects/HAL_examples/UART/UART_printf/output/debug/obj/syscalls.o
 .debug_loclists
                0x0000136d      0x103 C:/MCU/U1000/mcu-sdk-windows_2.3.0_20260703/Tools/toolchain/riscv32-none-elf/bin/../lib/gcc/../../newlib-nano/riscv32-none-elf/lib/rv32imafcn_zicsr_zifencei_zba_zbb_zbc_zbs/ilp32f\libc_nano.a(libc_a-assert.o)
 .debug_loclists
                0x00001470       0xa2 C:/MCU/U1000/mcu-sdk-windows_2.3.0_20260703/Tools/toolchain/riscv32-none-elf/bin/../lib/gcc/../../newlib-nano/riscv32-none-elf/lib/rv32imafcn_zicsr_zifencei_zba_zbb_zbc_zbs/ilp32f\libc_nano.a(libc_a-fprintf.o)
 .debug_loclists
                0x00001512      0x1a3 C:/MCU/U1000/mcu-sdk-windows_2.3.0_20260703/Tools/toolchain/riscv32-none-elf/bin/../lib/gcc/../../newlib-nano/riscv32-none-elf/lib/rv32imafcn_zicsr_zifencei_zba_zbb_zbc_zbs/ilp32f\libc_nano.a(libc_a-puts.o)
 .debug_loclists
                0x000016b5      0x104 C:/MCU/U1000/mcu-sdk-windows_2.3.0_20260703/Tools/toolchain/riscv32-none-elf/bin/../lib/gcc/../../newlib-nano/riscv32-none-elf/lib/rv32imafcn_zicsr_zifencei_zba_zbb_zbc_zbs/ilp32f\libc_nano.a(libc_a-wbuf.o)
 .debug_loclists
                0x000017b9       0x6a C:/MCU/U1000/mcu-sdk-windows_2.3.0_20260703/Tools/toolchain/riscv32-none-elf/bin/../lib/gcc/../../newlib-nano/riscv32-none-elf/lib/rv32imafcn_zicsr_zifencei_zba_zbb_zbc_zbs/ilp32f\libc_nano.a(libc_a-wsetup.o)
 .debug_loclists
                0x00001823       0xc1 C:/MCU/U1000/mcu-sdk-windows_2.3.0_20260703/Tools/toolchain/riscv32-none-elf/bin/../lib/gcc/../../newlib-nano/riscv32-none-elf/lib/rv32imafcn_zicsr_zifencei_zba_zbb_zbc_zbs/ilp32f\libc_nano.a(libc_a-freer.o)
 .debug_loclists
                0x000018e4      0x211 C:/MCU/U1000/mcu-sdk-windows_2.3.0_20260703/Tools/toolchain/riscv32-none-elf/bin/../lib/gcc/../../newlib-nano/riscv32-none-elf/lib/rv32imafcn_zicsr_zifencei_zba_zbb_zbc_zbs/ilp32f\libc_nano.a(libc_a-mallocr.o)
 .debug_loclists
                0x00001af5      0x582 C:/MCU/U1000/mcu-sdk-windows_2.3.0_20260703/Tools/toolchain/riscv32-none-elf/bin/../lib/gcc/../../newlib-nano/riscv32-none-elf/lib/rv32imafcn_zicsr_zifencei_zba_zbb_zbc_zbs/ilp32f\libc_nano.a(libc_a-nano-vfprintf.o)
 .debug_loclists
                0x00002077      0x4e3 C:/MCU/U1000/mcu-sdk-windows_2.3.0_20260703/Tools/toolchain/riscv32-none-elf/bin/../lib/gcc/../../newlib-nano/riscv32-none-elf/lib/rv32imafcn_zicsr_zifencei_zba_zbb_zbc_zbs/ilp32f\libc_nano.a(libc_a-nano-vfprintf_i.o)
 .debug_loclists
                0x0000255a      0x227 C:/MCU/U1000/mcu-sdk-windows_2.3.0_20260703/Tools/toolchain/riscv32-none-elf/bin/../lib/gcc/../../newlib-nano/riscv32-none-elf/lib/rv32imafcn_zicsr_zifencei_zba_zbb_zbc_zbs/ilp32f\libc_nano.a(libc_a-fflush.o)
 .debug_loclists
                0x00002781      0x1b7 C:/MCU/U1000/mcu-sdk-windows_2.3.0_20260703/Tools/toolchain/riscv32-none-elf/bin/../lib/gcc/../../newlib-nano/riscv32-none-elf/lib/rv32imafcn_zicsr_zifencei_zba_zbb_zbc_zbs/ilp32f\libc_nano.a(libc_a-findfp.o)
 .debug_loclists
                0x00002938      0x4a0 C:/MCU/U1000/mcu-sdk-windows_2.3.0_20260703/Tools/toolchain/riscv32-none-elf/bin/../lib/gcc/../../newlib-nano/riscv32-none-elf/lib/rv32imafcn_zicsr_zifencei_zba_zbb_zbc_zbs/ilp32f\libc_nano.a(libc_a-fvwrite.o)
 .debug_loclists
                0x00002dd8       0xa4 C:/MCU/U1000/mcu-sdk-windows_2.3.0_20260703/Tools/toolchain/riscv32-none-elf/bin/../lib/gcc/../../newlib-nano/riscv32-none-elf/lib/rv32imafcn_zicsr_zifencei_zba_zbb_zbc_zbs/ilp32f\libc_nano.a(libc_a-fwalk.o)
 .debug_loclists
                0x00002e7c      0x166 C:/MCU/U1000/mcu-sdk-windows_2.3.0_20260703/Tools/toolchain/riscv32-none-elf/bin/../lib/gcc/../../newlib-nano/riscv32-none-elf/lib/rv32imafcn_zicsr_zifencei_zba_zbb_zbc_zbs/ilp32f\libc_nano.a(libc_a-makebuf.o)
 .debug_loclists
                0x00002fe2      0x28f C:/MCU/U1000/mcu-sdk-windows_2.3.0_20260703/Tools/toolchain/riscv32-none-elf/bin/../lib/gcc/../../newlib-nano/riscv32-none-elf/lib/rv32imafcn_zicsr_zifencei_zba_zbb_zbc_zbs/ilp32f\libc_nano.a(libc_a-stdio.o)
 .debug_loclists
                0x00003271       0x76 C:/MCU/U1000/mcu-sdk-windows_2.3.0_20260703/Tools/toolchain/riscv32-none-elf/bin/../lib/gcc/../../newlib-nano/riscv32-none-elf/lib/rv32imafcn_zicsr_zifencei_zba_zbb_zbc_zbs/ilp32f\libc_nano.a(libc_a-memchr.o)
 .debug_loclists
                0x000032e7      0x2d9 C:/MCU/U1000/mcu-sdk-windows_2.3.0_20260703/Tools/toolchain/riscv32-none-elf/bin/../lib/gcc/../../newlib-nano/riscv32-none-elf/lib/rv32imafcn_zicsr_zifencei_zba_zbb_zbc_zbs/ilp32f\libc_nano.a(libc_a-signal.o)
 .debug_loclists
                0x000035c0       0x4b C:/MCU/U1000/mcu-sdk-windows_2.3.0_20260703/Tools/toolchain/riscv32-none-elf/bin/../lib/gcc/../../newlib-nano/riscv32-none-elf/lib/rv32imafcn_zicsr_zifencei_zba_zbb_zbc_zbs/ilp32f\libc_nano.a(libc_a-closer.o)
 .debug_loclists
                0x0000360b       0x90 C:/MCU/U1000/mcu-sdk-windows_2.3.0_20260703/Tools/toolchain/riscv32-none-elf/bin/../lib/gcc/../../newlib-nano/riscv32-none-elf/lib/rv32imafcn_zicsr_zifencei_zba_zbb_zbc_zbs/ilp32f\libc_nano.a(libc_a-reent.o)
 .debug_loclists
                0x0000369b       0x6a C:/MCU/U1000/mcu-sdk-windows_2.3.0_20260703/Tools/toolchain/riscv32-none-elf/bin/../lib/gcc/../../newlib-nano/riscv32-none-elf/lib/rv32imafcn_zicsr_zifencei_zba_zbb_zbc_zbs/ilp32f\libc_nano.a(libc_a-fstatr.o)
 .debug_loclists
                0x00003705       0x4b C:/MCU/U1000/mcu-sdk-windows_2.3.0_20260703/Tools/toolchain/riscv32-none-elf/bin/../lib/gcc/../../newlib-nano/riscv32-none-elf/lib/rv32imafcn_zicsr_zifencei_zba_zbb_zbc_zbs/ilp32f\libc_nano.a(libc_a-isattyr.o)
 .debug_loclists
                0x00003750       0x89 C:/MCU/U1000/mcu-sdk-windows_2.3.0_20260703/Tools/toolchain/riscv32-none-elf/bin/../lib/gcc/../../newlib-nano/riscv32-none-elf/lib/rv32imafcn_zicsr_zifencei_zba_zbb_zbc_zbs/ilp32f\libc_nano.a(libc_a-lseekr.o)
 .debug_loclists
                0x000037d9       0x89 C:/MCU/U1000/mcu-sdk-windows_2.3.0_20260703/Tools/toolchain/riscv32-none-elf/bin/../lib/gcc/../../newlib-nano/riscv32-none-elf/lib/rv32imafcn_zicsr_zifencei_zba_zbb_zbc_zbs/ilp32f\libc_nano.a(libc_a-readr.o)
 .debug_loclists
                0x00003862       0x82 C:/MCU/U1000/mcu-sdk-windows_2.3.0_20260703/Tools/toolchain/riscv32-none-elf/bin/../lib/gcc/../../newlib-nano/riscv32-none-elf/lib/rv32imafcn_zicsr_zifencei_zba_zbb_zbc_zbs/ilp32f\libc_nano.a(libc_a-signalr.o)
 .debug_loclists
                0x000038e4       0x4b C:/MCU/U1000/mcu-sdk-windows_2.3.0_20260703/Tools/toolchain/riscv32-none-elf/bin/../lib/gcc/../../newlib-nano/riscv32-none-elf/lib/rv32imafcn_zicsr_zifencei_zba_zbb_zbc_zbs/ilp32f\libc_nano.a(libc_a-sbrkr.o)
 .debug_loclists
                0x0000392f       0x89 C:/MCU/U1000/mcu-sdk-windows_2.3.0_20260703/Tools/toolchain/riscv32-none-elf/bin/../lib/gcc/../../newlib-nano/riscv32-none-elf/lib/rv32imafcn_zicsr_zifencei_zba_zbb_zbc_zbs/ilp32f\libc_nano.a(libc_a-writer.o)
 .debug_loclists
                0x000039b8      0x158 C:/MCU/U1000/mcu-sdk-windows_2.3.0_20260703/Tools/toolchain/riscv32-none-elf/bin/../lib/gcc/../../newlib-nano/riscv32-none-elf/lib/rv32imafcn_zicsr_zifencei_zba_zbb_zbc_zbs/ilp32f\libc_nano.a(libc_a-reallocr.o)
 .debug_loclists
                0x00003b10       0x7b C:/MCU/U1000/mcu-sdk-windows_2.3.0_20260703/Tools/toolchain/riscv32-none-elf/bin/../lib/gcc/../../newlib-nano/riscv32-none-elf/lib/rv32imafcn_zicsr_zifencei_zba_zbb_zbc_zbs/ilp32f\libc_nano.a(libc_a-msizer.o)
 .debug_loclists
                0x00003b8b      0xbc1 C:/MCU/U1000/mcu-sdk-windows_2.3.0_20260703/Tools/toolchain/riscv32-none-elf/bin/../lib/gcc/../../newlib-nano/lib/gcc/riscv32-none-elf/15.2.0/rv32imafcn_zicsr_zifencei_zba_zbb_zbc_zbs/ilp32f\libgcc.a(_udivdi3.o)

.debug_aranges  0x00000000      0x740
 .debug_aranges
                0x00000000       0xa8 C:/MCU/U1000/mcu-sdk-windows_2.3.0_20260703/Projects/HAL_examples/UART/UART_printf/output/debug/obj/bmcu_cru.o
 .debug_aranges
                0x000000a8       0x38 C:/MCU/U1000/mcu-sdk-windows_2.3.0_20260703/Projects/HAL_examples/UART/UART_printf/output/debug/obj/bmcu_uart.o
 .debug_aranges
                0x000000e0       0x38 C:/MCU/U1000/mcu-sdk-windows_2.3.0_20260703/Projects/HAL_examples/UART/UART_printf/output/debug/obj/serial.o
 .debug_aranges
                0x00000118      0x100 C:/MCU/U1000/mcu-sdk-windows_2.3.0_20260703/Projects/HAL_examples/UART/UART_printf/output/debug/obj/tusb320.o
 .debug_aranges
                0x00000218       0x30 C:/MCU/U1000/mcu-sdk-windows_2.3.0_20260703/Projects/HAL_examples/UART/UART_printf/output/debug/obj/main.o
 .debug_aranges
                0x00000248       0x68 C:/MCU/U1000/mcu-sdk-windows_2.3.0_20260703/Projects/HAL_examples/UART/UART_printf/output/debug/obj/syscalls.o
 .debug_aranges
                0x000002b0       0x20 C:/MCU/U1000/mcu-sdk-windows_2.3.0_20260703/Tools/toolchain/riscv32-none-elf/bin/../lib/gcc/../../newlib-nano/riscv32-none-elf/lib/rv32imafcn_zicsr_zifencei_zba_zbb_zbc_zbs/ilp32f\libc_nano.a(libc_a-assert.o)
 .debug_aranges
                0x000002d0       0x20 C:/MCU/U1000/mcu-sdk-windows_2.3.0_20260703/Tools/toolchain/riscv32-none-elf/bin/../lib/gcc/../../newlib-nano/riscv32-none-elf/lib/rv32imafcn_zicsr_zifencei_zba_zbb_zbc_zbs/ilp32f\libc_nano.a(libc_a-fprintf.o)
 .debug_aranges
                0x000002f0       0x20 C:/MCU/U1000/mcu-sdk-windows_2.3.0_20260703/Tools/toolchain/riscv32-none-elf/bin/../lib/gcc/../../newlib-nano/riscv32-none-elf/lib/rv32imafcn_zicsr_zifencei_zba_zbb_zbc_zbs/ilp32f\libc_nano.a(libc_a-puts.o)
 .debug_aranges
                0x00000310       0x20 C:/MCU/U1000/mcu-sdk-windows_2.3.0_20260703/Tools/toolchain/riscv32-none-elf/bin/../lib/gcc/../../newlib-nano/riscv32-none-elf/lib/rv32imafcn_zicsr_zifencei_zba_zbb_zbc_zbs/ilp32f\libc_nano.a(libc_a-wbuf.o)
 .debug_aranges
                0x00000330       0x20 C:/MCU/U1000/mcu-sdk-windows_2.3.0_20260703/Tools/toolchain/riscv32-none-elf/bin/../lib/gcc/../../newlib-nano/riscv32-none-elf/lib/rv32imafcn_zicsr_zifencei_zba_zbb_zbc_zbs/ilp32f\libc_nano.a(libc_a-wsetup.o)
 .debug_aranges
                0x00000350       0x18 C:/MCU/U1000/mcu-sdk-windows_2.3.0_20260703/Tools/toolchain/riscv32-none-elf/bin/../lib/gcc/../../newlib-nano/riscv32-none-elf/lib/rv32imafcn_zicsr_zifencei_zba_zbb_zbc_zbs/ilp32f\libc_nano.a(libc_a-impure.o)
 .debug_aranges
                0x00000368       0x20 C:/MCU/U1000/mcu-sdk-windows_2.3.0_20260703/Tools/toolchain/riscv32-none-elf/bin/../lib/gcc/../../newlib-nano/riscv32-none-elf/lib/rv32imafcn_zicsr_zifencei_zba_zbb_zbc_zbs/ilp32f\libc_nano.a(libc_a-errno.o)
 .debug_aranges
                0x00000388       0x20 C:/MCU/U1000/mcu-sdk-windows_2.3.0_20260703/Tools/toolchain/riscv32-none-elf/bin/../lib/gcc/../../newlib-nano/riscv32-none-elf/lib/rv32imafcn_zicsr_zifencei_zba_zbb_zbc_zbs/ilp32f\libc_nano.a(libc_a-abort.o)
 .debug_aranges
                0x000003a8       0x20 C:/MCU/U1000/mcu-sdk-windows_2.3.0_20260703/Tools/toolchain/riscv32-none-elf/bin/../lib/gcc/../../newlib-nano/riscv32-none-elf/lib/rv32imafcn_zicsr_zifencei_zba_zbb_zbc_zbs/ilp32f\libc_nano.a(libc_a-freer.o)
 .debug_aranges
                0x000003c8       0x20 C:/MCU/U1000/mcu-sdk-windows_2.3.0_20260703/Tools/toolchain/riscv32-none-elf/bin/../lib/gcc/../../newlib-nano/riscv32-none-elf/lib/rv32imafcn_zicsr_zifencei_zba_zbb_zbc_zbs/ilp32f\libc_nano.a(libc_a-mallocr.o)
 .debug_aranges
                0x000003e8       0x20 C:/MCU/U1000/mcu-sdk-windows_2.3.0_20260703/Tools/toolchain/riscv32-none-elf/bin/../lib/gcc/../../newlib-nano/riscv32-none-elf/lib/rv32imafcn_zicsr_zifencei_zba_zbb_zbc_zbs/ilp32f\libc_nano.a(libc_a-mlock.o)
 .debug_aranges
                0x00000408       0x20 C:/MCU/U1000/mcu-sdk-windows_2.3.0_20260703/Tools/toolchain/riscv32-none-elf/bin/../lib/gcc/../../newlib-nano/riscv32-none-elf/lib/rv32imafcn_zicsr_zifencei_zba_zbb_zbc_zbs/ilp32f\libc_nano.a(libc_a-nano-vfprintf.o)
 .debug_aranges
                0x00000428       0x20 C:/MCU/U1000/mcu-sdk-windows_2.3.0_20260703/Tools/toolchain/riscv32-none-elf/bin/../lib/gcc/../../newlib-nano/riscv32-none-elf/lib/rv32imafcn_zicsr_zifencei_zba_zbb_zbc_zbs/ilp32f\libc_nano.a(libc_a-nano-vfprintf_i.o)
 .debug_aranges
                0x00000448       0x20 C:/MCU/U1000/mcu-sdk-windows_2.3.0_20260703/Tools/toolchain/riscv32-none-elf/bin/../lib/gcc/../../newlib-nano/riscv32-none-elf/lib/rv32imafcn_zicsr_zifencei_zba_zbb_zbc_zbs/ilp32f\libc_nano.a(libc_a-fflush.o)
 .debug_aranges
                0x00000468       0x20 C:/MCU/U1000/mcu-sdk-windows_2.3.0_20260703/Tools/toolchain/riscv32-none-elf/bin/../lib/gcc/../../newlib-nano/riscv32-none-elf/lib/rv32imafcn_zicsr_zifencei_zba_zbb_zbc_zbs/ilp32f\libc_nano.a(libc_a-findfp.o)
 .debug_aranges
                0x00000488       0x20 C:/MCU/U1000/mcu-sdk-windows_2.3.0_20260703/Tools/toolchain/riscv32-none-elf/bin/../lib/gcc/../../newlib-nano/riscv32-none-elf/lib/rv32imafcn_zicsr_zifencei_zba_zbb_zbc_zbs/ilp32f\libc_nano.a(libc_a-fvwrite.o)
 .debug_aranges
                0x000004a8       0x20 C:/MCU/U1000/mcu-sdk-windows_2.3.0_20260703/Tools/toolchain/riscv32-none-elf/bin/../lib/gcc/../../newlib-nano/riscv32-none-elf/lib/rv32imafcn_zicsr_zifencei_zba_zbb_zbc_zbs/ilp32f\libc_nano.a(libc_a-fwalk.o)
 .debug_aranges
                0x000004c8       0x20 C:/MCU/U1000/mcu-sdk-windows_2.3.0_20260703/Tools/toolchain/riscv32-none-elf/bin/../lib/gcc/../../newlib-nano/riscv32-none-elf/lib/rv32imafcn_zicsr_zifencei_zba_zbb_zbc_zbs/ilp32f\libc_nano.a(libc_a-makebuf.o)
 .debug_aranges
                0x000004e8       0x20 C:/MCU/U1000/mcu-sdk-windows_2.3.0_20260703/Tools/toolchain/riscv32-none-elf/bin/../lib/gcc/../../newlib-nano/riscv32-none-elf/lib/rv32imafcn_zicsr_zifencei_zba_zbb_zbc_zbs/ilp32f\libc_nano.a(libc_a-stdio.o)
 .debug_aranges
                0x00000508       0x20 C:/MCU/U1000/mcu-sdk-windows_2.3.0_20260703/Tools/toolchain/riscv32-none-elf/bin/../lib/gcc/../../newlib-nano/riscv32-none-elf/lib/rv32imafcn_zicsr_zifencei_zba_zbb_zbc_zbs/ilp32f\libc_nano.a(libc_a-memchr.o)
 .debug_aranges
                0x00000528       0x20 C:/MCU/U1000/mcu-sdk-windows_2.3.0_20260703/Tools/toolchain/riscv32-none-elf/bin/../lib/gcc/../../newlib-nano/riscv32-none-elf/lib/rv32imafcn_zicsr_zifencei_zba_zbb_zbc_zbs/ilp32f\libc_nano.a(libc_a-signal.o)
 .debug_aranges
                0x00000548       0x20 C:/MCU/U1000/mcu-sdk-windows_2.3.0_20260703/Tools/toolchain/riscv32-none-elf/bin/../lib/gcc/../../newlib-nano/riscv32-none-elf/lib/rv32imafcn_zicsr_zifencei_zba_zbb_zbc_zbs/ilp32f\libc_nano.a(libc_a-closer.o)
 .debug_aranges
                0x00000568       0x20 C:/MCU/U1000/mcu-sdk-windows_2.3.0_20260703/Tools/toolchain/riscv32-none-elf/bin/../lib/gcc/../../newlib-nano/riscv32-none-elf/lib/rv32imafcn_zicsr_zifencei_zba_zbb_zbc_zbs/ilp32f\libc_nano.a(libc_a-reent.o)
 .debug_aranges
                0x00000588       0x20 C:/MCU/U1000/mcu-sdk-windows_2.3.0_20260703/Tools/toolchain/riscv32-none-elf/bin/../lib/gcc/../../newlib-nano/riscv32-none-elf/lib/rv32imafcn_zicsr_zifencei_zba_zbb_zbc_zbs/ilp32f\libc_nano.a(libc_a-fstatr.o)
 .debug_aranges
                0x000005a8       0x20 C:/MCU/U1000/mcu-sdk-windows_2.3.0_20260703/Tools/toolchain/riscv32-none-elf/bin/../lib/gcc/../../newlib-nano/riscv32-none-elf/lib/rv32imafcn_zicsr_zifencei_zba_zbb_zbc_zbs/ilp32f\libc_nano.a(libc_a-isattyr.o)
 .debug_aranges
                0x000005c8       0x20 C:/MCU/U1000/mcu-sdk-windows_2.3.0_20260703/Tools/toolchain/riscv32-none-elf/bin/../lib/gcc/../../newlib-nano/riscv32-none-elf/lib/rv32imafcn_zicsr_zifencei_zba_zbb_zbc_zbs/ilp32f\libc_nano.a(libc_a-lseekr.o)
 .debug_aranges
                0x000005e8       0x20 C:/MCU/U1000/mcu-sdk-windows_2.3.0_20260703/Tools/toolchain/riscv32-none-elf/bin/../lib/gcc/../../newlib-nano/riscv32-none-elf/lib/rv32imafcn_zicsr_zifencei_zba_zbb_zbc_zbs/ilp32f\libc_nano.a(libc_a-readr.o)
 .debug_aranges
                0x00000608       0x20 C:/MCU/U1000/mcu-sdk-windows_2.3.0_20260703/Tools/toolchain/riscv32-none-elf/bin/../lib/gcc/../../newlib-nano/riscv32-none-elf/lib/rv32imafcn_zicsr_zifencei_zba_zbb_zbc_zbs/ilp32f\libc_nano.a(libc_a-signalr.o)
 .debug_aranges
                0x00000628       0x20 C:/MCU/U1000/mcu-sdk-windows_2.3.0_20260703/Tools/toolchain/riscv32-none-elf/bin/../lib/gcc/../../newlib-nano/riscv32-none-elf/lib/rv32imafcn_zicsr_zifencei_zba_zbb_zbc_zbs/ilp32f\libc_nano.a(libc_a-sbrkr.o)
 .debug_aranges
                0x00000648       0x20 C:/MCU/U1000/mcu-sdk-windows_2.3.0_20260703/Tools/toolchain/riscv32-none-elf/bin/../lib/gcc/../../newlib-nano/riscv32-none-elf/lib/rv32imafcn_zicsr_zifencei_zba_zbb_zbc_zbs/ilp32f\libc_nano.a(libc_a-writer.o)
 .debug_aranges
                0x00000668       0x20 C:/MCU/U1000/mcu-sdk-windows_2.3.0_20260703/Tools/toolchain/riscv32-none-elf/bin/../lib/gcc/../../newlib-nano/riscv32-none-elf/lib/rv32imafcn_zicsr_zifencei_zba_zbb_zbc_zbs/ilp32f\libc_nano.a(libc_a-memmove.o)
 .debug_aranges
                0x00000688       0x20 C:/MCU/U1000/mcu-sdk-windows_2.3.0_20260703/Tools/toolchain/riscv32-none-elf/bin/../lib/gcc/../../newlib-nano/riscv32-none-elf/lib/rv32imafcn_zicsr_zifencei_zba_zbb_zbc_zbs/ilp32f\libc_nano.a(libc_a-memset.o)
 .debug_aranges
                0x000006a8       0x20 C:/MCU/U1000/mcu-sdk-windows_2.3.0_20260703/Tools/toolchain/riscv32-none-elf/bin/../lib/gcc/../../newlib-nano/riscv32-none-elf/lib/rv32imafcn_zicsr_zifencei_zba_zbb_zbc_zbs/ilp32f\libc_nano.a(libc_a-memcpy-asm.o)
 .debug_aranges
                0x000006c8       0x20 C:/MCU/U1000/mcu-sdk-windows_2.3.0_20260703/Tools/toolchain/riscv32-none-elf/bin/../lib/gcc/../../newlib-nano/riscv32-none-elf/lib/rv32imafcn_zicsr_zifencei_zba_zbb_zbc_zbs/ilp32f\libc_nano.a(libc_a-reallocr.o)
 .debug_aranges
                0x000006e8       0x20 C:/MCU/U1000/mcu-sdk-windows_2.3.0_20260703/Tools/toolchain/riscv32-none-elf/bin/../lib/gcc/../../newlib-nano/riscv32-none-elf/lib/rv32imafcn_zicsr_zifencei_zba_zbb_zbc_zbs/ilp32f\libc_nano.a(libc_a-msizer.o)
 .debug_aranges
                0x00000708       0x20 C:/MCU/U1000/mcu-sdk-windows_2.3.0_20260703/Tools/toolchain/riscv32-none-elf/bin/../lib/gcc/../../newlib-nano/lib/gcc/riscv32-none-elf/15.2.0/rv32imafcn_zicsr_zifencei_zba_zbb_zbc_zbs/ilp32f\libgcc.a(_udivdi3.o)
 .debug_aranges
                0x00000728       0x18 C:/MCU/U1000/mcu-sdk-windows_2.3.0_20260703/Tools/toolchain/riscv32-none-elf/bin/../lib/gcc/../../newlib-nano/lib/gcc/riscv32-none-elf/15.2.0/rv32imafcn_zicsr_zifencei_zba_zbb_zbc_zbs/ilp32f\libgcc.a(_clz.o)

.debug_rnglists
                0x00000000      0x450
 .debug_rnglists
                0x00000000       0x82 C:/MCU/U1000/mcu-sdk-windows_2.3.0_20260703/Projects/HAL_examples/UART/UART_printf/output/debug/obj/bmcu_cru.o
 .debug_rnglists
                0x00000082       0x27 C:/MCU/U1000/mcu-sdk-windows_2.3.0_20260703/Projects/HAL_examples/UART/UART_printf/output/debug/obj/bmcu_uart.o
 .debug_rnglists
                0x000000a9       0x25 C:/MCU/U1000/mcu-sdk-windows_2.3.0_20260703/Projects/HAL_examples/UART/UART_printf/output/debug/obj/serial.o
 .debug_rnglists
                0x000000ce       0xbe C:/MCU/U1000/mcu-sdk-windows_2.3.0_20260703/Projects/HAL_examples/UART/UART_printf/output/debug/obj/tusb320.o
 .debug_rnglists
                0x0000018c       0x1f C:/MCU/U1000/mcu-sdk-windows_2.3.0_20260703/Projects/HAL_examples/UART/UART_printf/output/debug/obj/main.o
 .debug_rnglists
                0x000001ab       0x49 C:/MCU/U1000/mcu-sdk-windows_2.3.0_20260703/Projects/HAL_examples/UART/UART_printf/output/debug/obj/syscalls.o
 .debug_rnglists
                0x000001f4       0x2c C:/MCU/U1000/mcu-sdk-windows_2.3.0_20260703/Tools/toolchain/riscv32-none-elf/bin/../lib/gcc/../../newlib-nano/riscv32-none-elf/lib/rv32imafcn_zicsr_zifencei_zba_zbb_zbc_zbs/ilp32f\libc_nano.a(libc_a-puts.o)
 .debug_rnglists
                0x00000220       0x13 C:/MCU/U1000/mcu-sdk-windows_2.3.0_20260703/Tools/toolchain/riscv32-none-elf/bin/../lib/gcc/../../newlib-nano/riscv32-none-elf/lib/rv32imafcn_zicsr_zifencei_zba_zbb_zbc_zbs/ilp32f\libc_nano.a(libc_a-wbuf.o)
 .debug_rnglists
                0x00000233       0x19 C:/MCU/U1000/mcu-sdk-windows_2.3.0_20260703/Tools/toolchain/riscv32-none-elf/bin/../lib/gcc/../../newlib-nano/riscv32-none-elf/lib/rv32imafcn_zicsr_zifencei_zba_zbb_zbc_zbs/ilp32f\libc_nano.a(libc_a-wsetup.o)
 .debug_rnglists
                0x0000024c       0x13 C:/MCU/U1000/mcu-sdk-windows_2.3.0_20260703/Tools/toolchain/riscv32-none-elf/bin/../lib/gcc/../../newlib-nano/riscv32-none-elf/lib/rv32imafcn_zicsr_zifencei_zba_zbb_zbc_zbs/ilp32f\libc_nano.a(libc_a-freer.o)
 .debug_rnglists
                0x0000025f       0x21 C:/MCU/U1000/mcu-sdk-windows_2.3.0_20260703/Tools/toolchain/riscv32-none-elf/bin/../lib/gcc/../../newlib-nano/riscv32-none-elf/lib/rv32imafcn_zicsr_zifencei_zba_zbb_zbc_zbs/ilp32f\libc_nano.a(libc_a-mallocr.o)
 .debug_rnglists
                0x00000280       0x17 C:/MCU/U1000/mcu-sdk-windows_2.3.0_20260703/Tools/toolchain/riscv32-none-elf/bin/../lib/gcc/../../newlib-nano/riscv32-none-elf/lib/rv32imafcn_zicsr_zifencei_zba_zbb_zbc_zbs/ilp32f\libc_nano.a(libc_a-nano-vfprintf.o)
 .debug_rnglists
                0x00000297       0x4e C:/MCU/U1000/mcu-sdk-windows_2.3.0_20260703/Tools/toolchain/riscv32-none-elf/bin/../lib/gcc/../../newlib-nano/riscv32-none-elf/lib/rv32imafcn_zicsr_zifencei_zba_zbb_zbc_zbs/ilp32f\libc_nano.a(libc_a-nano-vfprintf_i.o)
 .debug_rnglists
                0x000002e5       0x21 C:/MCU/U1000/mcu-sdk-windows_2.3.0_20260703/Tools/toolchain/riscv32-none-elf/bin/../lib/gcc/../../newlib-nano/riscv32-none-elf/lib/rv32imafcn_zicsr_zifencei_zba_zbb_zbc_zbs/ilp32f\libc_nano.a(libc_a-fflush.o)
 .debug_rnglists
                0x00000306       0x47 C:/MCU/U1000/mcu-sdk-windows_2.3.0_20260703/Tools/toolchain/riscv32-none-elf/bin/../lib/gcc/../../newlib-nano/riscv32-none-elf/lib/rv32imafcn_zicsr_zifencei_zba_zbb_zbc_zbs/ilp32f\libc_nano.a(libc_a-findfp.o)
 .debug_rnglists
                0x0000034d       0x30 C:/MCU/U1000/mcu-sdk-windows_2.3.0_20260703/Tools/toolchain/riscv32-none-elf/bin/../lib/gcc/../../newlib-nano/riscv32-none-elf/lib/rv32imafcn_zicsr_zifencei_zba_zbb_zbc_zbs/ilp32f\libc_nano.a(libc_a-fvwrite.o)
 .debug_rnglists
                0x0000037d       0x13 C:/MCU/U1000/mcu-sdk-windows_2.3.0_20260703/Tools/toolchain/riscv32-none-elf/bin/../lib/gcc/../../newlib-nano/riscv32-none-elf/lib/rv32imafcn_zicsr_zifencei_zba_zbb_zbc_zbs/ilp32f\libc_nano.a(libc_a-makebuf.o)
 .debug_rnglists
                0x00000390       0x1a C:/MCU/U1000/mcu-sdk-windows_2.3.0_20260703/Tools/toolchain/riscv32-none-elf/bin/../lib/gcc/../../newlib-nano/riscv32-none-elf/lib/rv32imafcn_zicsr_zifencei_zba_zbb_zbc_zbs/ilp32f\libc_nano.a(libc_a-reent.o)
 .debug_rnglists
                0x000003aa       0xa6 C:/MCU/U1000/mcu-sdk-windows_2.3.0_20260703/Tools/toolchain/riscv32-none-elf/bin/../lib/gcc/../../newlib-nano/lib/gcc/riscv32-none-elf/15.2.0/rv32imafcn_zicsr_zifencei_zba_zbb_zbc_zbs/ilp32f\libgcc.a(_udivdi3.o)

.debug_macro    0x00000000    0x14274
 .debug_macro   0x00000000      0xb69 C:/MCU/U1000/mcu-sdk-windows_2.3.0_20260703/Projects/HAL_examples/UART/UART_printf/output/debug/obj/bmcu_cru.o
 .debug_macro   0x00000b69       0x76 C:/MCU/U1000/mcu-sdk-windows_2.3.0_20260703/Projects/HAL_examples/UART/UART_printf/output/debug/obj/bmcu_cru.o
 .debug_macro   0x00000bdf       0x22 C:/MCU/U1000/mcu-sdk-windows_2.3.0_20260703/Projects/HAL_examples/UART/UART_printf/output/debug/obj/bmcu_cru.o
 .debug_macro   0x00000c01       0xdd C:/MCU/U1000/mcu-sdk-windows_2.3.0_20260703/Projects/HAL_examples/UART/UART_printf/output/debug/obj/bmcu_cru.o
 .debug_macro   0x00000cde       0x20 C:/MCU/U1000/mcu-sdk-windows_2.3.0_20260703/Projects/HAL_examples/UART/UART_printf/output/debug/obj/bmcu_cru.o
 .debug_macro   0x00000cfe       0x5c C:/MCU/U1000/mcu-sdk-windows_2.3.0_20260703/Projects/HAL_examples/UART/UART_printf/output/debug/obj/bmcu_cru.o
 .debug_macro   0x00000d5a       0x42 C:/MCU/U1000/mcu-sdk-windows_2.3.0_20260703/Projects/HAL_examples/UART/UART_printf/output/debug/obj/bmcu_cru.o
 .debug_macro   0x00000d9c       0x34 C:/MCU/U1000/mcu-sdk-windows_2.3.0_20260703/Projects/HAL_examples/UART/UART_printf/output/debug/obj/bmcu_cru.o
 .debug_macro   0x00000dd0      0x190 C:/MCU/U1000/mcu-sdk-windows_2.3.0_20260703/Projects/HAL_examples/UART/UART_printf/output/debug/obj/bmcu_cru.o
 .debug_macro   0x00000f60       0x57 C:/MCU/U1000/mcu-sdk-windows_2.3.0_20260703/Projects/HAL_examples/UART/UART_printf/output/debug/obj/bmcu_cru.o
 .debug_macro   0x00000fb7      0x364 C:/MCU/U1000/mcu-sdk-windows_2.3.0_20260703/Projects/HAL_examples/UART/UART_printf/output/debug/obj/bmcu_cru.o
 .debug_macro   0x0000131b       0x16 C:/MCU/U1000/mcu-sdk-windows_2.3.0_20260703/Projects/HAL_examples/UART/UART_printf/output/debug/obj/bmcu_cru.o
 .debug_macro   0x00001331       0x4a C:/MCU/U1000/mcu-sdk-windows_2.3.0_20260703/Projects/HAL_examples/UART/UART_printf/output/debug/obj/bmcu_cru.o
 .debug_macro   0x0000137b       0x34 C:/MCU/U1000/mcu-sdk-windows_2.3.0_20260703/Projects/HAL_examples/UART/UART_printf/output/debug/obj/bmcu_cru.o
 .debug_macro   0x000013af       0x10 C:/MCU/U1000/mcu-sdk-windows_2.3.0_20260703/Projects/HAL_examples/UART/UART_printf/output/debug/obj/bmcu_cru.o
 .debug_macro   0x000013bf       0x52 C:/MCU/U1000/mcu-sdk-windows_2.3.0_20260703/Projects/HAL_examples/UART/UART_printf/output/debug/obj/bmcu_cru.o
 .debug_macro   0x00001411       0x8e C:/MCU/U1000/mcu-sdk-windows_2.3.0_20260703/Projects/HAL_examples/UART/UART_printf/output/debug/obj/bmcu_cru.o
 .debug_macro   0x0000149f       0x1c C:/MCU/U1000/mcu-sdk-windows_2.3.0_20260703/Projects/HAL_examples/UART/UART_printf/output/debug/obj/bmcu_cru.o
 .debug_macro   0x000014bb      0x185 C:/MCU/U1000/mcu-sdk-windows_2.3.0_20260703/Projects/HAL_examples/UART/UART_printf/output/debug/obj/bmcu_cru.o
 .debug_macro   0x00001640       0xec C:/MCU/U1000/mcu-sdk-windows_2.3.0_20260703/Projects/HAL_examples/UART/UART_printf/output/debug/obj/bmcu_cru.o
 .debug_macro   0x0000172c       0xd6 C:/MCU/U1000/mcu-sdk-windows_2.3.0_20260703/Projects/HAL_examples/UART/UART_printf/output/debug/obj/bmcu_cru.o
 .debug_macro   0x00001802      0x103 C:/MCU/U1000/mcu-sdk-windows_2.3.0_20260703/Projects/HAL_examples/UART/UART_printf/output/debug/obj/bmcu_cru.o
 .debug_macro   0x00001905       0x6a C:/MCU/U1000/mcu-sdk-windows_2.3.0_20260703/Projects/HAL_examples/UART/UART_printf/output/debug/obj/bmcu_cru.o
 .debug_macro   0x0000196f      0x1df C:/MCU/U1000/mcu-sdk-windows_2.3.0_20260703/Projects/HAL_examples/UART/UART_printf/output/debug/obj/bmcu_cru.o
 .debug_macro   0x00001b4e       0x64 C:/MCU/U1000/mcu-sdk-windows_2.3.0_20260703/Projects/HAL_examples/UART/UART_printf/output/debug/obj/bmcu_cru.o
 .debug_macro   0x00001bb2       0x64 C:/MCU/U1000/mcu-sdk-windows_2.3.0_20260703/Projects/HAL_examples/UART/UART_printf/output/debug/obj/bmcu_cru.o
 .debug_macro   0x00001c16       0x64 C:/MCU/U1000/mcu-sdk-windows_2.3.0_20260703/Projects/HAL_examples/UART/UART_printf/output/debug/obj/bmcu_cru.o
 .debug_macro   0x00001c7a      0x3b3 C:/MCU/U1000/mcu-sdk-windows_2.3.0_20260703/Projects/HAL_examples/UART/UART_printf/output/debug/obj/bmcu_cru.o
 .debug_macro   0x0000202d       0x48 C:/MCU/U1000/mcu-sdk-windows_2.3.0_20260703/Projects/HAL_examples/UART/UART_printf/output/debug/obj/bmcu_cru.o
 .debug_macro   0x00002075     0xdd95 C:/MCU/U1000/mcu-sdk-windows_2.3.0_20260703/Projects/HAL_examples/UART/UART_printf/output/debug/obj/bmcu_cru.o
 .debug_macro   0x0000fe0a       0x16 C:/MCU/U1000/mcu-sdk-windows_2.3.0_20260703/Projects/HAL_examples/UART/UART_printf/output/debug/obj/bmcu_cru.o
 .debug_macro   0x0000fe20       0x1c C:/MCU/U1000/mcu-sdk-windows_2.3.0_20260703/Projects/HAL_examples/UART/UART_printf/output/debug/obj/bmcu_cru.o
 .debug_macro   0x0000fe3c       0x96 C:/MCU/U1000/mcu-sdk-windows_2.3.0_20260703/Projects/HAL_examples/UART/UART_printf/output/debug/obj/bmcu_cru.o
 .debug_macro   0x0000fed2       0x7e C:/MCU/U1000/mcu-sdk-windows_2.3.0_20260703/Projects/HAL_examples/UART/UART_printf/output/debug/obj/bmcu_cru.o
 .debug_macro   0x0000ff50       0x1c C:/MCU/U1000/mcu-sdk-windows_2.3.0_20260703/Projects/HAL_examples/UART/UART_printf/output/debug/obj/bmcu_cru.o
 .debug_macro   0x0000ff6c       0x1c C:/MCU/U1000/mcu-sdk-windows_2.3.0_20260703/Projects/HAL_examples/UART/UART_printf/output/debug/obj/bmcu_cru.o
 .debug_macro   0x0000ff88       0x34 C:/MCU/U1000/mcu-sdk-windows_2.3.0_20260703/Projects/HAL_examples/UART/UART_printf/output/debug/obj/bmcu_cru.o
 .debug_macro   0x0000ffbc       0xd6 C:/MCU/U1000/mcu-sdk-windows_2.3.0_20260703/Projects/HAL_examples/UART/UART_printf/output/debug/obj/bmcu_cru.o
 .debug_macro   0x00010092      0x124 C:/MCU/U1000/mcu-sdk-windows_2.3.0_20260703/Projects/HAL_examples/UART/UART_printf/output/debug/obj/bmcu_cru.o
 .debug_macro   0x000101b6      0xb84 C:/MCU/U1000/mcu-sdk-windows_2.3.0_20260703/Projects/HAL_examples/UART/UART_printf/output/debug/obj/bmcu_uart.o
 .debug_macro   0x00010d3a       0x7e C:/MCU/U1000/mcu-sdk-windows_2.3.0_20260703/Projects/HAL_examples/UART/UART_printf/output/debug/obj/bmcu_uart.o
 .debug_macro   0x00010db8      0xb5c C:/MCU/U1000/mcu-sdk-windows_2.3.0_20260703/Projects/HAL_examples/UART/UART_printf/output/debug/obj/serial.o
 .debug_macro   0x00011914      0xb80 C:/MCU/U1000/mcu-sdk-windows_2.3.0_20260703/Projects/HAL_examples/UART/UART_printf/output/debug/obj/tusb320.o
 .debug_macro   0x00012494       0x16 C:/MCU/U1000/mcu-sdk-windows_2.3.0_20260703/Projects/HAL_examples/UART/UART_printf/output/debug/obj/tusb320.o
 .debug_macro   0x000124aa       0x3c C:/MCU/U1000/mcu-sdk-windows_2.3.0_20260703/Projects/HAL_examples/UART/UART_printf/output/debug/obj/tusb320.o
 .debug_macro   0x000124e6      0xb89 C:/MCU/U1000/mcu-sdk-windows_2.3.0_20260703/Projects/HAL_examples/UART/UART_printf/output/debug/obj/main.o
 .debug_macro   0x0001306f       0x1c C:/MCU/U1000/mcu-sdk-windows_2.3.0_20260703/Projects/HAL_examples/UART/UART_printf/output/debug/obj/main.o
 .debug_macro   0x0001308b       0x10 C:/MCU/U1000/mcu-sdk-windows_2.3.0_20260703/Projects/HAL_examples/UART/UART_printf/output/debug/obj/main.o
 .debug_macro   0x0001309b       0x16 C:/MCU/U1000/mcu-sdk-windows_2.3.0_20260703/Projects/HAL_examples/UART/UART_printf/output/debug/obj/main.o
 .debug_macro   0x000130b1       0x16 C:/MCU/U1000/mcu-sdk-windows_2.3.0_20260703/Projects/HAL_examples/UART/UART_printf/output/debug/obj/main.o
 .debug_macro   0x000130c7      0x115 C:/MCU/U1000/mcu-sdk-windows_2.3.0_20260703/Projects/HAL_examples/UART/UART_printf/output/debug/obj/main.o
 .debug_macro   0x000131dc      0xbf0 C:/MCU/U1000/mcu-sdk-windows_2.3.0_20260703/Projects/HAL_examples/UART/UART_printf/output/debug/obj/syscalls.o
 .debug_macro   0x00013dcc       0x16 C:/MCU/U1000/mcu-sdk-windows_2.3.0_20260703/Projects/HAL_examples/UART/UART_printf/output/debug/obj/syscalls.o
 .debug_macro   0x00013de2       0x22 C:/MCU/U1000/mcu-sdk-windows_2.3.0_20260703/Projects/HAL_examples/UART/UART_printf/output/debug/obj/syscalls.o
 .debug_macro   0x00013e04       0x10 C:/MCU/U1000/mcu-sdk-windows_2.3.0_20260703/Projects/HAL_examples/UART/UART_printf/output/debug/obj/syscalls.o
 .debug_macro   0x00013e14      0x242 C:/MCU/U1000/mcu-sdk-windows_2.3.0_20260703/Projects/HAL_examples/UART/UART_printf/output/debug/obj/syscalls.o
 .debug_macro   0x00014056       0x16 C:/MCU/U1000/mcu-sdk-windows_2.3.0_20260703/Projects/HAL_examples/UART/UART_printf/output/debug/obj/syscalls.o
 .debug_macro   0x0001406c       0x10 C:/MCU/U1000/mcu-sdk-windows_2.3.0_20260703/Projects/HAL_examples/UART/UART_printf/output/debug/obj/syscalls.o
 .debug_macro   0x0001407c       0x10 C:/MCU/U1000/mcu-sdk-windows_2.3.0_20260703/Projects/HAL_examples/UART/UART_printf/output/debug/obj/syscalls.o
 .debug_macro   0x0001408c       0xb8 C:/MCU/U1000/mcu-sdk-windows_2.3.0_20260703/Projects/HAL_examples/UART/UART_printf/output/debug/obj/syscalls.o
 .debug_macro   0x00014144       0x2e C:/MCU/U1000/mcu-sdk-windows_2.3.0_20260703/Projects/HAL_examples/UART/UART_printf/output/debug/obj/syscalls.o
 .debug_macro   0x00014172      0x102 C:/MCU/U1000/mcu-sdk-windows_2.3.0_20260703/Projects/HAL_examples/UART/UART_printf/output/debug/obj/syscalls.o

.debug_line     0x00000000     0x9fd7
 .debug_line    0x00000000     0x1f54 C:/MCU/U1000/mcu-sdk-windows_2.3.0_20260703/Projects/HAL_examples/UART/UART_printf/output/debug/obj/bmcu_cru.o
 .debug_line    0x00001f54      0x87b C:/MCU/U1000/mcu-sdk-windows_2.3.0_20260703/Projects/HAL_examples/UART/UART_printf/output/debug/obj/bmcu_uart.o
 .debug_line    0x000027cf      0x42e C:/MCU/U1000/mcu-sdk-windows_2.3.0_20260703/Projects/HAL_examples/UART/UART_printf/output/debug/obj/serial.o
 .debug_line    0x00002bfd      0xf42 C:/MCU/U1000/mcu-sdk-windows_2.3.0_20260703/Projects/HAL_examples/UART/UART_printf/output/debug/obj/tusb320.o
 .debug_line    0x00003b3f      0x1f7 C:/MCU/U1000/mcu-sdk-windows_2.3.0_20260703/Projects/HAL_examples/UART/UART_printf/output/debug/obj/main.o
 .debug_line    0x00003d36      0x45a C:/MCU/U1000/mcu-sdk-windows_2.3.0_20260703/Projects/HAL_examples/UART/UART_printf/output/debug/obj/syscalls.o
 .debug_line    0x00004190      0x122 C:/MCU/U1000/mcu-sdk-windows_2.3.0_20260703/Tools/toolchain/riscv32-none-elf/bin/../lib/gcc/../../newlib-nano/riscv32-none-elf/lib/rv32imafcn_zicsr_zifencei_zba_zbb_zbc_zbs/ilp32f\libc_nano.a(libc_a-assert.o)
 .debug_line    0x000042b2      0x147 C:/MCU/U1000/mcu-sdk-windows_2.3.0_20260703/Tools/toolchain/riscv32-none-elf/bin/../lib/gcc/../../newlib-nano/riscv32-none-elf/lib/rv32imafcn_zicsr_zifencei_zba_zbb_zbc_zbs/ilp32f\libc_nano.a(libc_a-fprintf.o)
 .debug_line    0x000043f9      0x2e4 C:/MCU/U1000/mcu-sdk-windows_2.3.0_20260703/Tools/toolchain/riscv32-none-elf/bin/../lib/gcc/../../newlib-nano/riscv32-none-elf/lib/rv32imafcn_zicsr_zifencei_zba_zbb_zbc_zbs/ilp32f\libc_nano.a(libc_a-puts.o)
 .debug_line    0x000046dd      0x21e C:/MCU/U1000/mcu-sdk-windows_2.3.0_20260703/Tools/toolchain/riscv32-none-elf/bin/../lib/gcc/../../newlib-nano/riscv32-none-elf/lib/rv32imafcn_zicsr_zifencei_zba_zbb_zbc_zbs/ilp32f\libc_nano.a(libc_a-wbuf.o)
 .debug_line    0x000048fb      0x2a6 C:/MCU/U1000/mcu-sdk-windows_2.3.0_20260703/Tools/toolchain/riscv32-none-elf/bin/../lib/gcc/../../newlib-nano/riscv32-none-elf/lib/rv32imafcn_zicsr_zifencei_zba_zbb_zbc_zbs/ilp32f\libc_nano.a(libc_a-wsetup.o)
 .debug_line    0x00004ba1       0x60 C:/MCU/U1000/mcu-sdk-windows_2.3.0_20260703/Tools/toolchain/riscv32-none-elf/bin/../lib/gcc/../../newlib-nano/riscv32-none-elf/lib/rv32imafcn_zicsr_zifencei_zba_zbb_zbc_zbs/ilp32f\libc_nano.a(libc_a-impure.o)
 .debug_line    0x00004c01       0x7c C:/MCU/U1000/mcu-sdk-windows_2.3.0_20260703/Tools/toolchain/riscv32-none-elf/bin/../lib/gcc/../../newlib-nano/riscv32-none-elf/lib/rv32imafcn_zicsr_zifencei_zba_zbb_zbc_zbs/ilp32f\libc_nano.a(libc_a-errno.o)
 .debug_line    0x00004c7d       0x91 C:/MCU/U1000/mcu-sdk-windows_2.3.0_20260703/Tools/toolchain/riscv32-none-elf/bin/../lib/gcc/../../newlib-nano/riscv32-none-elf/lib/rv32imafcn_zicsr_zifencei_zba_zbb_zbc_zbs/ilp32f\libc_nano.a(libc_a-abort.o)
 .debug_line    0x00004d0e      0x2c8 C:/MCU/U1000/mcu-sdk-windows_2.3.0_20260703/Tools/toolchain/riscv32-none-elf/bin/../lib/gcc/../../newlib-nano/riscv32-none-elf/lib/rv32imafcn_zicsr_zifencei_zba_zbb_zbc_zbs/ilp32f\libc_nano.a(libc_a-freer.o)
 .debug_line    0x00004fd6      0x513 C:/MCU/U1000/mcu-sdk-windows_2.3.0_20260703/Tools/toolchain/riscv32-none-elf/bin/../lib/gcc/../../newlib-nano/riscv32-none-elf/lib/rv32imafcn_zicsr_zifencei_zba_zbb_zbc_zbs/ilp32f\libc_nano.a(libc_a-mallocr.o)
 .debug_line    0x000054e9       0x89 C:/MCU/U1000/mcu-sdk-windows_2.3.0_20260703/Tools/toolchain/riscv32-none-elf/bin/../lib/gcc/../../newlib-nano/riscv32-none-elf/lib/rv32imafcn_zicsr_zifencei_zba_zbb_zbc_zbs/ilp32f\libc_nano.a(libc_a-mlock.o)
 .debug_line    0x00005572      0x86d C:/MCU/U1000/mcu-sdk-windows_2.3.0_20260703/Tools/toolchain/riscv32-none-elf/bin/../lib/gcc/../../newlib-nano/riscv32-none-elf/lib/rv32imafcn_zicsr_zifencei_zba_zbb_zbc_zbs/ilp32f\libc_nano.a(libc_a-nano-vfprintf.o)
 .debug_line    0x00005ddf      0x91c C:/MCU/U1000/mcu-sdk-windows_2.3.0_20260703/Tools/toolchain/riscv32-none-elf/bin/../lib/gcc/../../newlib-nano/riscv32-none-elf/lib/rv32imafcn_zicsr_zifencei_zba_zbb_zbc_zbs/ilp32f\libc_nano.a(libc_a-nano-vfprintf_i.o)
 .debug_line    0x000066fb      0x4a8 C:/MCU/U1000/mcu-sdk-windows_2.3.0_20260703/Tools/toolchain/riscv32-none-elf/bin/../lib/gcc/../../newlib-nano/riscv32-none-elf/lib/rv32imafcn_zicsr_zifencei_zba_zbb_zbc_zbs/ilp32f\libc_nano.a(libc_a-fflush.o)
 .debug_line    0x00006ba3      0x67e C:/MCU/U1000/mcu-sdk-windows_2.3.0_20260703/Tools/toolchain/riscv32-none-elf/bin/../lib/gcc/../../newlib-nano/riscv32-none-elf/lib/rv32imafcn_zicsr_zifencei_zba_zbb_zbc_zbs/ilp32f\libc_nano.a(libc_a-findfp.o)
 .debug_line    0x00007221      0x7a6 C:/MCU/U1000/mcu-sdk-windows_2.3.0_20260703/Tools/toolchain/riscv32-none-elf/bin/../lib/gcc/../../newlib-nano/riscv32-none-elf/lib/rv32imafcn_zicsr_zifencei_zba_zbb_zbc_zbs/ilp32f\libc_nano.a(libc_a-fvwrite.o)
 .debug_line    0x000079c7      0x155 C:/MCU/U1000/mcu-sdk-windows_2.3.0_20260703/Tools/toolchain/riscv32-none-elf/bin/../lib/gcc/../../newlib-nano/riscv32-none-elf/lib/rv32imafcn_zicsr_zifencei_zba_zbb_zbc_zbs/ilp32f\libc_nano.a(libc_a-fwalk.o)
 .debug_line    0x00007b1c      0x296 C:/MCU/U1000/mcu-sdk-windows_2.3.0_20260703/Tools/toolchain/riscv32-none-elf/bin/../lib/gcc/../../newlib-nano/riscv32-none-elf/lib/rv32imafcn_zicsr_zifencei_zba_zbb_zbc_zbs/ilp32f\libc_nano.a(libc_a-makebuf.o)
 .debug_line    0x00007db2      0x279 C:/MCU/U1000/mcu-sdk-windows_2.3.0_20260703/Tools/toolchain/riscv32-none-elf/bin/../lib/gcc/../../newlib-nano/riscv32-none-elf/lib/rv32imafcn_zicsr_zifencei_zba_zbb_zbc_zbs/ilp32f\libc_nano.a(libc_a-stdio.o)
 .debug_line    0x0000802b       0xb5 C:/MCU/U1000/mcu-sdk-windows_2.3.0_20260703/Tools/toolchain/riscv32-none-elf/bin/../lib/gcc/../../newlib-nano/riscv32-none-elf/lib/rv32imafcn_zicsr_zifencei_zba_zbb_zbc_zbs/ilp32f\libc_nano.a(libc_a-memchr.o)
 .debug_line    0x000080e0      0x4df C:/MCU/U1000/mcu-sdk-windows_2.3.0_20260703/Tools/toolchain/riscv32-none-elf/bin/../lib/gcc/../../newlib-nano/riscv32-none-elf/lib/rv32imafcn_zicsr_zifencei_zba_zbb_zbc_zbs/ilp32f\libc_nano.a(libc_a-signal.o)
 .debug_line    0x000085bf       0xf7 C:/MCU/U1000/mcu-sdk-windows_2.3.0_20260703/Tools/toolchain/riscv32-none-elf/bin/../lib/gcc/../../newlib-nano/riscv32-none-elf/lib/rv32imafcn_zicsr_zifencei_zba_zbb_zbc_zbs/ilp32f\libc_nano.a(libc_a-closer.o)
 .debug_line    0x000086b6      0x2b8 C:/MCU/U1000/mcu-sdk-windows_2.3.0_20260703/Tools/toolchain/riscv32-none-elf/bin/../lib/gcc/../../newlib-nano/riscv32-none-elf/lib/rv32imafcn_zicsr_zifencei_zba_zbb_zbc_zbs/ilp32f\libc_nano.a(libc_a-reent.o)
 .debug_line    0x0000896e      0x10f C:/MCU/U1000/mcu-sdk-windows_2.3.0_20260703/Tools/toolchain/riscv32-none-elf/bin/../lib/gcc/../../newlib-nano/riscv32-none-elf/lib/rv32imafcn_zicsr_zifencei_zba_zbb_zbc_zbs/ilp32f\libc_nano.a(libc_a-fstatr.o)
 .debug_line    0x00008a7d       0xf7 C:/MCU/U1000/mcu-sdk-windows_2.3.0_20260703/Tools/toolchain/riscv32-none-elf/bin/../lib/gcc/../../newlib-nano/riscv32-none-elf/lib/rv32imafcn_zicsr_zifencei_zba_zbb_zbc_zbs/ilp32f\libc_nano.a(libc_a-isattyr.o)
 .debug_line    0x00008b74       0xfd C:/MCU/U1000/mcu-sdk-windows_2.3.0_20260703/Tools/toolchain/riscv32-none-elf/bin/../lib/gcc/../../newlib-nano/riscv32-none-elf/lib/rv32imafcn_zicsr_zifencei_zba_zbb_zbc_zbs/ilp32f\libc_nano.a(libc_a-lseekr.o)
 .debug_line    0x00008c71       0xfd C:/MCU/U1000/mcu-sdk-windows_2.3.0_20260703/Tools/toolchain/riscv32-none-elf/bin/../lib/gcc/../../newlib-nano/riscv32-none-elf/lib/rv32imafcn_zicsr_zifencei_zba_zbb_zbc_zbs/ilp32f\libc_nano.a(libc_a-readr.o)
 .debug_line    0x00008d6e      0x125 C:/MCU/U1000/mcu-sdk-windows_2.3.0_20260703/Tools/toolchain/riscv32-none-elf/bin/../lib/gcc/../../newlib-nano/riscv32-none-elf/lib/rv32imafcn_zicsr_zifencei_zba_zbb_zbc_zbs/ilp32f\libc_nano.a(libc_a-signalr.o)